{
    "convert FASTQ to BAM": {
        "content": [
            {
                "0": [
                    [
                        {
                            "id": "test_bam"
                        },
                        "/genomic-medicine-sweden/test-datasets/0af2aaefba648925012d0203f8ec52a5cf7ba1ce/testdata/HG002_PacBio_Revio.bam"
                    ],
                    [
                        {
                            "id": "test_fastq"
                        },
                        "test_fastq.bam:md5,028eb2162af5bc295b6888af0f732979"
                    ]
                ],
                "1": [
                    [
                        {
                            "id": "test_fastq"
                        },
                        "/genomic-medicine-sweden/test-datasets/0af2aaefba648925012d0203f8ec52a5cf7ba1ce/testdata/HG002_ONT.fastq.gz"
                    ]
                ],
                "2": [
                    "versions.yml:md5,f6a244a66e7dc41043ae81b21857bda2"
                ],
                "bam": [
                    [
                        {
                            "id": "test_bam"
                        },
                        "/genomic-medicine-sweden/test-datasets/0af2aaefba648925012d0203f8ec52a5cf7ba1ce/testdata/HG002_PacBio_Revio.bam"
                    ],
                    [
                        {
                            "id": "test_fastq"
                        },
                        "test_fastq.bam:md5,028eb2162af5bc295b6888af0f732979"
                    ]
                ],
                "fastq": [
                    [
                        {
                            "id": "test_fastq"
                        },
                        "/genomic-medicine-sweden/test-datasets/0af2aaefba648925012d0203f8ec52a5cf7ba1ce/testdata/HG002_ONT.fastq.gz"
                    ]
                ],
                "versions": [
                    "versions.yml:md5,f6a244a66e7dc41043ae81b21857bda2"
                ]
            }
        ],
        "meta": {
            "nf-test": "0.9.2",
            "nextflow": "24.10.6"
        },
        "timestamp": "2025-07-31T10:36:12.536021508"
    },
    "convert BAM to FASTQ": {
        "content": [
            {
                "0": [
                    [
                        {
                            "id": "test_bam"
                        },
                        "/genomic-medicine-sweden/test-datasets/0af2aaefba648925012d0203f8ec52a5cf7ba1ce/testdata/HG002_PacBio_Revio.bam"
                    ]
                ],
                "1": [
                    [
                        {
                            "id": "test_bam"
                        },
                        "test_bam_other.fastq.gz:md5,f9d9d405021d7a64eb59929e90aed241"
                    ],
                    [
                        {
                            "id": "test_fastq"
                        },
                        "/genomic-medicine-sweden/test-datasets/0af2aaefba648925012d0203f8ec52a5cf7ba1ce/testdata/HG002_ONT.fastq.gz"
                    ]
                ],
                "2": [
                    "versions.yml:md5,c688783029643ca3fd84ba740c99c2a7"
                ],
                "bam": [
                    [
                        {
                            "id": "test_bam"
                        },
                        "/genomic-medicine-sweden/test-datasets/0af2aaefba648925012d0203f8ec52a5cf7ba1ce/testdata/HG002_PacBio_Revio.bam"
                    ]
                ],
                "fastq": [
                    [
                        {
                            "id": "test_bam"
                        },
                        "test_bam_other.fastq.gz:md5,f9d9d405021d7a64eb59929e90aed241"
                    ],
                    [
                        {
                            "id": "test_fastq"
                        },
                        "/genomic-medicine-sweden/test-datasets/0af2aaefba648925012d0203f8ec52a5cf7ba1ce/testdata/HG002_ONT.fastq.gz"
                    ]
                ],
                "versions": [
                    "versions.yml:md5,c688783029643ca3fd84ba740c99c2a7"
                ]
            }
        ],
        "meta": {
            "nf-test": "0.9.2",
            "nextflow": "24.10.6"
        },
        "timestamp": "2025-07-29T16:03:48.837045521"
    },
    "convert BAM to FASTQ and FASTQ to BAM": {
        "content": [
            {
                "0": [
                    [
                        {
                            "id": "test_bam"
                        },
                        "/genomic-medicine-sweden/test-datasets/0af2aaefba648925012d0203f8ec52a5cf7ba1ce/testdata/HG002_PacBio_Revio.bam"
                    ],
                    [
                        {
                            "id": "test_fastq"
                        },
                        "test_fastq.bam:md5,028eb2162af5bc295b6888af0f732979"
                    ]
                ],
                "1": [
                    [
                        {
                            "id": "test_bam"
                        },
                        "test_bam_other.fastq.gz:md5,f9d9d405021d7a64eb59929e90aed241"
                    ],
                    [
                        {
                            "id": "test_fastq"
                        },
                        "/genomic-medicine-sweden/test-datasets/0af2aaefba648925012d0203f8ec52a5cf7ba1ce/testdata/HG002_ONT.fastq.gz"
                    ]
                ],
                "2": [
                    "versions.yml:md5,c688783029643ca3fd84ba740c99c2a7",
                    "versions.yml:md5,f6a244a66e7dc41043ae81b21857bda2"
                ],
                "bam": [
                    [
                        {
                            "id": "test_bam"
                        },
                        "/genomic-medicine-sweden/test-datasets/0af2aaefba648925012d0203f8ec52a5cf7ba1ce/testdata/HG002_PacBio_Revio.bam"
                    ],
                    [
                        {
                            "id": "test_fastq"
                        },
                        "test_fastq.bam:md5,028eb2162af5bc295b6888af0f732979"
                    ]
                ],
                "fastq": [
                    [
                        {
                            "id": "test_bam"
                        },
                        "test_bam_other.fastq.gz:md5,f9d9d405021d7a64eb59929e90aed241"
                    ],
                    [
                        {
                            "id": "test_fastq"
                        },
                        "/genomic-medicine-sweden/test-datasets/0af2aaefba648925012d0203f8ec52a5cf7ba1ce/testdata/HG002_ONT.fastq.gz"
                    ]
                ],
                "versions": [
                    "versions.yml:md5,c688783029643ca3fd84ba740c99c2a7",
                    "versions.yml:md5,f6a244a66e7dc41043ae81b21857bda2"
                ]
            }
        ],
        "meta": {
            "nf-test": "0.9.2",
            "nextflow": "24.10.6"
        },
        "timestamp": "2025-07-29T16:06:40.375371334"
    },
    "convert neither BAM to FASTQ nor FASTQ to BAM": {
        "content": [
            {
                "0": [
                    [
                        {
                            "id": "test_bam"
                        },
                        "/genomic-medicine-sweden/test-datasets/0af2aaefba648925012d0203f8ec52a5cf7ba1ce/testdata/HG002_PacBio_Revio.bam"
                    ]
                ],
                "1": [
                    [
                        {
                            "id": "test_fastq"
                        },
                        "/genomic-medicine-sweden/test-datasets/0af2aaefba648925012d0203f8ec52a5cf7ba1ce/testdata/HG002_ONT.fastq.gz"
                    ]
                ],
                "2": [
                    
                ],
                "bam": [
                    [
                        {
                            "id": "test_bam"
                        },
                        "/genomic-medicine-sweden/test-datasets/0af2aaefba648925012d0203f8ec52a5cf7ba1ce/testdata/HG002_PacBio_Revio.bam"
                    ]
                ],
                "fastq": [
                    [
                        {
                            "id": "test_fastq"
                        },
                        "/genomic-medicine-sweden/test-datasets/0af2aaefba648925012d0203f8ec52a5cf7ba1ce/testdata/HG002_ONT.fastq.gz"
                    ]
                ],
                "versions": [
                    
                ]
            }
        ],
        "meta": {
            "nf-test": "0.9.2",
            "nextflow": "24.10.6"
        },
        "timestamp": "2025-07-31T10:44:50.460485827"
    },
    "convert BAM to FASTQ and FASTQ to BAM -stub": {
        "content": [
            {
                "0": [
                    [
                        {
                            "id": "test_bam"
                        },
                        "/genomic-medicine-sweden/test-datasets/0af2aaefba648925012d0203f8ec52a5cf7ba1ce/testdata/HG002_PacBio_Revio.bam"
                    ],
                    [
                        {
                            "id": "test_fastq"
                        },
                        "test_fastq.bam:md5,d41d8cd98f00b204e9800998ecf8427e"
                    ]
                ],
                "1": [
                    [
                        {
                            "id": "test_bam"
                        },
                        "test_bam_other.fastq.gz:md5,68b329da9893e34099c7d8ad5cb9c940"
                    ],
                    [
                        {
                            "id": "test_fastq"
                        },
                        "/genomic-medicine-sweden/test-datasets/0af2aaefba648925012d0203f8ec52a5cf7ba1ce/testdata/HG002_ONT.fastq.gz"
                    ]
                ],
                "2": [
                    "versions.yml:md5,c688783029643ca3fd84ba740c99c2a7",
                    "versions.yml:md5,f6a244a66e7dc41043ae81b21857bda2"
                ],
                "bam": [
                    [
                        {
                            "id": "test_bam"
                        },
                        "/genomic-medicine-sweden/test-datasets/0af2aaefba648925012d0203f8ec52a5cf7ba1ce/testdata/HG002_PacBio_Revio.bam"
                    ],
                    [
                        {
                            "id": "test_fastq"
                        },
                        "test_fastq.bam:md5,d41d8cd98f00b204e9800998ecf8427e"
                    ]
                ],
                "fastq": [
                    [
                        {
                            "id": "test_bam"
                        },
                        "test_bam_other.fastq.gz:md5,68b329da9893e34099c7d8ad5cb9c940"
                    ],
                    [
                        {
                            "id": "test_fastq"
                        },
                        "/genomic-medicine-sweden/test-datasets/0af2aaefba648925012d0203f8ec52a5cf7ba1ce/testdata/HG002_ONT.fastq.gz"
                    ]
                ],
                "versions": [
                    "versions.yml:md5,c688783029643ca3fd84ba740c99c2a7",
                    "versions.yml:md5,f6a244a66e7dc41043ae81b21857bda2"
                ]
            }
        ],
        "meta": {
            "nf-test": "0.9.2",
            "nextflow": "24.10.6"
        },
        "timestamp": "2025-07-29T16:16:49.102813896"
    }
}
