{
    "test function addRelationshipsToMeta with two siblings of opposite sex, each with children": {
        "content": [
            [
                {
                    "id": "child_1",
                    "family_id": "FAM",
                    "paternal_id": 0,
                    "maternal_id": "mother_1",
                    "sex": 1,
                    "relationship": "child",
                    "two_parents": false,
                    "children": [
                        
                    ],
                    "has_other_parent": false
                },
                {
                    "id": "child_2",
                    "family_id": "FAM",
                    "paternal_id": "father_2",
                    "maternal_id": 0,
                    "sex": 1,
                    "relationship": "child",
                    "two_parents": false,
                    "children": [
                        
                    ],
                    "has_other_parent": false
                },
                {
                    "id": "mother_1",
                    "family_id": "FAM",
                    "paternal_id": 0,
                    "maternal_id": 0,
                    "sex": 2,
                    "relationship": "mother",
                    "two_parents": false,
                    "children": [
                        "child_1"
                    ],
                    "has_other_parent": false
                },
                {
                    "id": "father_2",
                    "family_id": "FAM",
                    "paternal_id": 0,
                    "maternal_id": 0,
                    "sex": 1,
                    "relationship": "father",
                    "two_parents": false,
                    "children": [
                        "child_2"
                    ],
                    "has_other_parent": false
                }
            ]
        ],
        "meta": {
            "nf-test": "0.9.2",
            "nextflow": "25.04.6"
        },
        "timestamp": "2025-08-07T14:35:43.668896264"
    },
    "test function addRelationshipsToMeta with child, parent and grandparent": {
        "content": [
            [
                {
                    "id": "child",
                    "family_id": "FAM",
                    "paternal_id": "father",
                    "maternal_id": 0,
                    "sex": 1,
                    "relationship": "child",
                    "two_parents": false,
                    "children": [
                        
                    ],
                    "has_other_parent": false
                },
                {
                    "id": "father",
                    "family_id": "FAM",
                    "paternal_id": "grandfather",
                    "maternal_id": 0,
                    "sex": 2,
                    "relationship": "father",
                    "two_parents": false,
                    "children": [
                        "child"
                    ],
                    "has_other_parent": false
                },
                {
                    "id": "grandfather",
                    "family_id": "FAM",
                    "paternal_id": 0,
                    "maternal_id": 0,
                    "sex": 1,
                    "relationship": "unknown",
                    "two_parents": false,
                    "children": [
                        
                    ],
                    "has_other_parent": false
                }
            ]
        ],
        "meta": {
            "nf-test": "0.9.2",
            "nextflow": "25.04.6"
        },
        "timestamp": "2025-08-07T14:35:47.216620558"
    },
    "test function addRelationshipsToMeta with child, two parents, one of wich also has two parents": {
        "content": [
            [
                {
                    "id": "child",
                    "family_id": "FAM",
                    "paternal_id": "father",
                    "maternal_id": "mother",
                    "sex": 1,
                    "relationship": "child",
                    "two_parents": true,
                    "children": [
                        
                    ],
                    "has_other_parent": false
                },
                {
                    "id": "father",
                    "family_id": "FAM",
                    "paternal_id": "grandfather",
                    "maternal_id": "grandmother",
                    "sex": 1,
                    "relationship": "father",
                    "two_parents": true,
                    "children": [
                        "child"
                    ],
                    "has_other_parent": true
                },
                {
                    "id": "mother",
                    "family_id": "FAM",
                    "paternal_id": 0,
                    "maternal_id": 0,
                    "sex": 2,
                    "relationship": "mother",
                    "two_parents": false,
                    "children": [
                        "child"
                    ],
                    "has_other_parent": true
                },
                {
                    "id": "grandfather",
                    "family_id": "FAM",
                    "paternal_id": 0,
                    "maternal_id": 0,
                    "sex": 1,
                    "relationship": "unknown",
                    "two_parents": false,
                    "children": [
                        
                    ],
                    "has_other_parent": false
                },
                {
                    "id": "grandmother",
                    "family_id": "FAM",
                    "paternal_id": 0,
                    "maternal_id": 0,
                    "sex": 2,
                    "relationship": "unknown",
                    "two_parents": false,
                    "children": [
                        
                    ],
                    "has_other_parent": false
                }
            ]
        ],
        "meta": {
            "nf-test": "0.9.2",
            "nextflow": "25.04.6"
        },
        "timestamp": "2025-08-07T14:35:54.522206159"
    },
    "test function addRelationshipsToMeta with two siblings, each with their child and one of the siblings has a partner": {
        "content": [
            [
                {
                    "id": "child_1",
                    "family_id": "FAM",
                    "paternal_id": "father_1",
                    "maternal_id": 0,
                    "sex": 1,
                    "relationship": "child",
                    "two_parents": false,
                    "children": [
                        
                    ],
                    "has_other_parent": false
                },
                {
                    "id": "father_1",
                    "family_id": "FAM",
                    "paternal_id": 0,
                    "maternal_id": 0,
                    "sex": 2,
                    "relationship": "father",
                    "two_parents": false,
                    "children": [
                        "child_1"
                    ],
                    "has_other_parent": false
                },
                {
                    "id": "child_2",
                    "family_id": "FAM",
                    "paternal_id": "father_2",
                    "maternal_id": "mother_2",
                    "sex": 2,
                    "relationship": "child",
                    "two_parents": true,
                    "children": [
                        
                    ],
                    "has_other_parent": false
                },
                {
                    "id": "father_2",
                    "family_id": "FAM",
                    "paternal_id": 0,
                    "maternal_id": 0,
                    "sex": 2,
                    "relationship": "father",
                    "two_parents": false,
                    "children": [
                        "child_2"
                    ],
                    "has_other_parent": true
                },
                {
                    "id": "mother_2",
                    "family_id": "FAM",
                    "paternal_id": 0,
                    "maternal_id": 0,
                    "sex": 2,
                    "relationship": "mother",
                    "two_parents": false,
                    "children": [
                        "child_2"
                    ],
                    "has_other_parent": true
                }
            ]
        ],
        "meta": {
            "nf-test": "0.9.2",
            "nextflow": "25.04.6"
        },
        "timestamp": "2025-08-07T14:35:50.87547355"
    },
    "test function addRelationshipsToMeta with trio": {
        "content": [
            [
                {
                    "id": "HG003",
                    "family_id": "FAM",
                    "paternal_id": 0,
                    "maternal_id": 0,
                    "sex": 1,
                    "relationship": "father",
                    "two_parents": false,
                    "children": [
                        "HG002"
                    ],
                    "has_other_parent": true
                },
                {
                    "id": "HG002",
                    "family_id": "FAM",
                    "paternal_id": "HG003",
                    "maternal_id": "HG004",
                    "sex": 1,
                    "relationship": "child",
                    "two_parents": true,
                    "children": [
                        
                    ],
                    "has_other_parent": false
                },
                {
                    "id": "HG004",
                    "family_id": "FAM",
                    "paternal_id": 0,
                    "maternal_id": 0,
                    "sex": 2,
                    "relationship": "mother",
                    "two_parents": false,
                    "children": [
                        "HG002"
                    ],
                    "has_other_parent": true
                }
            ]
        ],
        "meta": {
            "nf-test": "0.9.2",
            "nextflow": "25.04.6"
        },
        "timestamp": "2025-08-07T14:35:36.02703388"
    },
    "test function addRelationshipsToMeta with no relationships": {
        "content": [
            [
                {
                    "id": "HG003",
                    "family_id": "FAM",
                    "paternal_id": 0,
                    "maternal_id": 0,
                    "sex": 1,
                    "relationship": "unknown",
                    "two_parents": false,
                    "children": [
                        
                    ],
                    "has_other_parent": false
                },
                {
                    "id": "HG002",
                    "family_id": "FAM",
                    "paternal_id": 0,
                    "maternal_id": 0,
                    "sex": 1,
                    "relationship": "unknown",
                    "two_parents": false,
                    "children": [
                        
                    ],
                    "has_other_parent": false
                },
                {
                    "id": "HG004",
                    "family_id": "FAM",
                    "paternal_id": 0,
                    "maternal_id": 0,
                    "sex": 2,
                    "relationship": "unknown",
                    "two_parents": false,
                    "children": [
                        
                    ],
                    "has_other_parent": false
                }
            ]
        ],
        "meta": {
            "nf-test": "0.9.2",
            "nextflow": "25.04.6"
        },
        "timestamp": "2025-08-07T14:35:40.109137957"
    }
}