{
    "1 sample - [] phased": {
        "content": [
            {
                "0": [
                    [
                        {
                            "id": "HG002"
                        },
                        "HG002_modkit_pileup_1.bed.gz:md5,2338b96fe077f6425d13671f4f00621c"
                    ],
                    [
                        {
                            "id": "HG002"
                        },
                        "HG002_modkit_pileup_2.bed.gz:md5,04943736472126e5c908de4ae7edc377"
                    ],
                    [
                        {
                            "id": "HG002"
                        },
                        "HG002_modkit_pileup_ungrouped.bed.gz:md5,d3f37c86a25bf976a2f5bc333adcfb27"
                    ]
                ],
                "1": [
                    [
                        {
                            "id": "HG002"
                        },
                        "HG002_modkit_pileup_1.bed.gz.tbi:md5,9167ae6a6300da7bc5914f6f8c8614ea"
                    ],
                    [
                        {
                            "id": "HG002"
                        },
                        "HG002_modkit_pileup_2.bed.gz.tbi:md5,8c70bd51c69227e8f5f16fa367a679f6"
                    ],
                    [
                        {
                            "id": "HG002"
                        },
                        "HG002_modkit_pileup_ungrouped.bed.gz.tbi:md5,d79a058b21a35f4b869183f75d580f15"
                    ]
                ],
                "2": [
                    [
                        {
                            "id": "HG002"
                        },
                        "HG002_modkit_pileup_1.bw:md5,30c07d45dc627179efa5fb30ed4c8e30"
                    ],
                    [
                        {
                            "id": "HG002"
                        },
                        "HG002_modkit_pileup_2.bw:md5,4c74eb63ecb5e872d2b2ae59572d0b2d"
                    ],
                    [
                        {
                            "id": "HG002"
                        },
                        "HG002_modkit_pileup_ungrouped.bw:md5,36497f3760683c4371c39a5ec29624fb"
                    ]
                ],
                "3": [
                    "versions.yml:md5,138cc6e6c6e5328482b1e5c6a31029c8",
                    "versions.yml:md5,138cc6e6c6e5328482b1e5c6a31029c8",
                    "versions.yml:md5,138cc6e6c6e5328482b1e5c6a31029c8",
                    "versions.yml:md5,357aba3cdaf107b0be7a037803837280",
                    "versions.yml:md5,357aba3cdaf107b0be7a037803837280",
                    "versions.yml:md5,357aba3cdaf107b0be7a037803837280",
                    "versions.yml:md5,69dd5e76cc5e61cd0324b7412fc0546b"
                ],
                "bed": [
                    [
                        {
                            "id": "HG002"
                        },
                        "HG002_modkit_pileup_1.bed.gz:md5,2338b96fe077f6425d13671f4f00621c"
                    ],
                    [
                        {
                            "id": "HG002"
                        },
                        "HG002_modkit_pileup_2.bed.gz:md5,04943736472126e5c908de4ae7edc377"
                    ],
                    [
                        {
                            "id": "HG002"
                        },
                        "HG002_modkit_pileup_ungrouped.bed.gz:md5,d3f37c86a25bf976a2f5bc333adcfb27"
                    ]
                ],
                "bigwig": [
                    [
                        {
                            "id": "HG002"
                        },
                        "HG002_modkit_pileup_1.bw:md5,30c07d45dc627179efa5fb30ed4c8e30"
                    ],
                    [
                        {
                            "id": "HG002"
                        },
                        "HG002_modkit_pileup_2.bw:md5,4c74eb63ecb5e872d2b2ae59572d0b2d"
                    ],
                    [
                        {
                            "id": "HG002"
                        },
                        "HG002_modkit_pileup_ungrouped.bw:md5,36497f3760683c4371c39a5ec29624fb"
                    ]
                ],
                "tbi": [
                    [
                        {
                            "id": "HG002"
                        },
                        "HG002_modkit_pileup_1.bed.gz.tbi:md5,9167ae6a6300da7bc5914f6f8c8614ea"
                    ],
                    [
                        {
                            "id": "HG002"
                        },
                        "HG002_modkit_pileup_2.bed.gz.tbi:md5,8c70bd51c69227e8f5f16fa367a679f6"
                    ],
                    [
                        {
                            "id": "HG002"
                        },
                        "HG002_modkit_pileup_ungrouped.bed.gz.tbi:md5,d79a058b21a35f4b869183f75d580f15"
                    ]
                ],
                "versions": [
                    "versions.yml:md5,138cc6e6c6e5328482b1e5c6a31029c8",
                    "versions.yml:md5,138cc6e6c6e5328482b1e5c6a31029c8",
                    "versions.yml:md5,138cc6e6c6e5328482b1e5c6a31029c8",
                    "versions.yml:md5,357aba3cdaf107b0be7a037803837280",
                    "versions.yml:md5,357aba3cdaf107b0be7a037803837280",
                    "versions.yml:md5,357aba3cdaf107b0be7a037803837280",
                    "versions.yml:md5,69dd5e76cc5e61cd0324b7412fc0546b"
                ]
            }
        ],
        "meta": {
            "nf-test": "0.9.2",
            "nextflow": "25.04.6"
        },
        "timestamp": "2025-10-21T15:39:28.719949885"
    },
    "1 sample - bed unphased - stub": {
        "content": [
            {
                "0": [
                    [
                        {
                            "id": "HG002"
                        },
                        "HG002_modkit_pileup.bed.gz:md5,68b329da9893e34099c7d8ad5cb9c940"
                    ]
                ],
                "1": [
                    [
                        {
                            "id": "HG002"
                        },
                        "HG002_modkit_pileup.bed.gz.tbi:md5,d41d8cd98f00b204e9800998ecf8427e"
                    ]
                ],
                "2": [
                    
                ],
                "3": [
                    "versions.yml:md5,138cc6e6c6e5328482b1e5c6a31029c8",
                    "versions.yml:md5,69dd5e76cc5e61cd0324b7412fc0546b"
                ],
                "bed": [
                    [
                        {
                            "id": "HG002"
                        },
                        "HG002_modkit_pileup.bed.gz:md5,68b329da9893e34099c7d8ad5cb9c940"
                    ]
                ],
                "bigwig": [
                    
                ],
                "tbi": [
                    [
                        {
                            "id": "HG002"
                        },
                        "HG002_modkit_pileup.bed.gz.tbi:md5,d41d8cd98f00b204e9800998ecf8427e"
                    ]
                ],
                "versions": [
                    "versions.yml:md5,138cc6e6c6e5328482b1e5c6a31029c8",
                    "versions.yml:md5,69dd5e76cc5e61cd0324b7412fc0546b"
                ]
            }
        ],
        "meta": {
            "nf-test": "0.9.2",
            "nextflow": "25.04.6"
        },
        "timestamp": "2025-10-21T15:59:47.96185188"
    },
    "1 sample - [] unphased - stub": {
        "content": [
            {
                "0": [
                    [
                        {
                            "id": "HG002"
                        },
                        "HG002_modkit_pileup.bed.gz:md5,68b329da9893e34099c7d8ad5cb9c940"
                    ]
                ],
                "1": [
                    [
                        {
                            "id": "HG002"
                        },
                        "HG002_modkit_pileup.bed.gz.tbi:md5,d41d8cd98f00b204e9800998ecf8427e"
                    ]
                ],
                "2": [
                    
                ],
                "3": [
                    "versions.yml:md5,138cc6e6c6e5328482b1e5c6a31029c8",
                    "versions.yml:md5,69dd5e76cc5e61cd0324b7412fc0546b"
                ],
                "bed": [
                    [
                        {
                            "id": "HG002"
                        },
                        "HG002_modkit_pileup.bed.gz:md5,68b329da9893e34099c7d8ad5cb9c940"
                    ]
                ],
                "bigwig": [
                    
                ],
                "tbi": [
                    [
                        {
                            "id": "HG002"
                        },
                        "HG002_modkit_pileup.bed.gz.tbi:md5,d41d8cd98f00b204e9800998ecf8427e"
                    ]
                ],
                "versions": [
                    "versions.yml:md5,138cc6e6c6e5328482b1e5c6a31029c8",
                    "versions.yml:md5,69dd5e76cc5e61cd0324b7412fc0546b"
                ]
            }
        ],
        "meta": {
            "nf-test": "0.9.2",
            "nextflow": "25.04.6"
        },
        "timestamp": "2025-10-21T15:59:39.523094893"
    },
    "1 sample - [] phased - stub": {
        "content": [
            {
                "0": [
                    [
                        {
                            "id": "HG002"
                        },
                        "HG002_modkit_pileup.bed.gz:md5,68b329da9893e34099c7d8ad5cb9c940"
                    ]
                ],
                "1": [
                    [
                        {
                            "id": "HG002"
                        },
                        "HG002_modkit_pileup.bed.gz.tbi:md5,d41d8cd98f00b204e9800998ecf8427e"
                    ]
                ],
                "2": [
                    
                ],
                "3": [
                    "versions.yml:md5,138cc6e6c6e5328482b1e5c6a31029c8",
                    "versions.yml:md5,69dd5e76cc5e61cd0324b7412fc0546b"
                ],
                "bed": [
                    [
                        {
                            "id": "HG002"
                        },
                        "HG002_modkit_pileup.bed.gz:md5,68b329da9893e34099c7d8ad5cb9c940"
                    ]
                ],
                "bigwig": [
                    
                ],
                "tbi": [
                    [
                        {
                            "id": "HG002"
                        },
                        "HG002_modkit_pileup.bed.gz.tbi:md5,d41d8cd98f00b204e9800998ecf8427e"
                    ]
                ],
                "versions": [
                    "versions.yml:md5,138cc6e6c6e5328482b1e5c6a31029c8",
                    "versions.yml:md5,69dd5e76cc5e61cd0324b7412fc0546b"
                ]
            }
        ],
        "meta": {
            "nf-test": "0.9.0",
            "nextflow": "25.04.5"
        },
        "timestamp": "2025-09-11T14:03:44.598003624"
    },
    "1 sample - [] unphased": {
        "content": [
            {
                "0": [
                    [
                        {
                            "id": "HG002"
                        },
                        "HG002_modkit_pileup.bed.gz:md5,8dee9e20f68bdd50e95032ccce8e21b6"
                    ]
                ],
                "1": [
                    [
                        {
                            "id": "HG002"
                        },
                        "HG002_modkit_pileup.bed.gz.tbi:md5,82b2208891efed61d1a66ecea21b09a7"
                    ]
                ],
                "2": [
                    [
                        {
                            "id": "HG002"
                        },
                        "HG002_modkit_pileup.bw:md5,98f619ac8dc59465cab7385d5963966f"
                    ]
                ],
                "3": [
                    "versions.yml:md5,138cc6e6c6e5328482b1e5c6a31029c8",
                    "versions.yml:md5,357aba3cdaf107b0be7a037803837280",
                    "versions.yml:md5,69dd5e76cc5e61cd0324b7412fc0546b"
                ],
                "bed": [
                    [
                        {
                            "id": "HG002"
                        },
                        "HG002_modkit_pileup.bed.gz:md5,8dee9e20f68bdd50e95032ccce8e21b6"
                    ]
                ],
                "bigwig": [
                    [
                        {
                            "id": "HG002"
                        },
                        "HG002_modkit_pileup.bw:md5,98f619ac8dc59465cab7385d5963966f"
                    ]
                ],
                "tbi": [
                    [
                        {
                            "id": "HG002"
                        },
                        "HG002_modkit_pileup.bed.gz.tbi:md5,82b2208891efed61d1a66ecea21b09a7"
                    ]
                ],
                "versions": [
                    "versions.yml:md5,138cc6e6c6e5328482b1e5c6a31029c8",
                    "versions.yml:md5,357aba3cdaf107b0be7a037803837280",
                    "versions.yml:md5,69dd5e76cc5e61cd0324b7412fc0546b"
                ]
            }
        ],
        "meta": {
            "nf-test": "0.9.2",
            "nextflow": "25.04.6"
        },
        "timestamp": "2025-10-21T15:58:52.784354718"
    },
    "1 sample - bed phased": {
        "content": [
            {
                "0": [
                    [
                        {
                            "id": "HG002"
                        },
                        "HG002_modkit_pileup_1.bed.gz:md5,d41d8cd98f00b204e9800998ecf8427e"
                    ],
                    [
                        {
                            "id": "HG002"
                        },
                        "HG002_modkit_pileup_ungrouped.bed.gz:md5,11eaa3415b63ef1a4f804a1688241240"
                    ]
                ],
                "1": [
                    [
                        {
                            "id": "HG002"
                        },
                        "HG002_modkit_pileup_1.bed.gz.tbi:md5,ec06685d85d15d8f118a789a9ccc42ad"
                    ],
                    [
                        {
                            "id": "HG002"
                        },
                        "HG002_modkit_pileup_ungrouped.bed.gz.tbi:md5,f30acad35b312ff0f364a749bb3fe0f6"
                    ]
                ],
                "2": [
                    [
                        {
                            "id": "HG002"
                        },
                        "HG002_modkit_pileup_ungrouped.bw:md5,e7f25f289f3dd02261ca868084487094"
                    ]
                ],
                "3": [
                    "versions.yml:md5,138cc6e6c6e5328482b1e5c6a31029c8",
                    "versions.yml:md5,138cc6e6c6e5328482b1e5c6a31029c8",
                    "versions.yml:md5,357aba3cdaf107b0be7a037803837280",
                    "versions.yml:md5,69dd5e76cc5e61cd0324b7412fc0546b"
                ],
                "bed": [
                    [
                        {
                            "id": "HG002"
                        },
                        "HG002_modkit_pileup_1.bed.gz:md5,d41d8cd98f00b204e9800998ecf8427e"
                    ],
                    [
                        {
                            "id": "HG002"
                        },
                        "HG002_modkit_pileup_ungrouped.bed.gz:md5,11eaa3415b63ef1a4f804a1688241240"
                    ]
                ],
                "bigwig": [
                    [
                        {
                            "id": "HG002"
                        },
                        "HG002_modkit_pileup_ungrouped.bw:md5,e7f25f289f3dd02261ca868084487094"
                    ]
                ],
                "tbi": [
                    [
                        {
                            "id": "HG002"
                        },
                        "HG002_modkit_pileup_1.bed.gz.tbi:md5,ec06685d85d15d8f118a789a9ccc42ad"
                    ],
                    [
                        {
                            "id": "HG002"
                        },
                        "HG002_modkit_pileup_ungrouped.bed.gz.tbi:md5,f30acad35b312ff0f364a749bb3fe0f6"
                    ]
                ],
                "versions": [
                    "versions.yml:md5,138cc6e6c6e5328482b1e5c6a31029c8",
                    "versions.yml:md5,138cc6e6c6e5328482b1e5c6a31029c8",
                    "versions.yml:md5,357aba3cdaf107b0be7a037803837280",
                    "versions.yml:md5,69dd5e76cc5e61cd0324b7412fc0546b"
                ]
            }
        ],
        "meta": {
            "nf-test": "0.9.2",
            "nextflow": "25.04.6"
        },
        "timestamp": "2025-10-21T15:39:51.667873598"
    },
    "1 sample - bed phased - stub": {
        "content": [
            {
                "0": [
                    [
                        {
                            "id": "HG002"
                        },
                        "HG002_modkit_pileup.bed.gz:md5,68b329da9893e34099c7d8ad5cb9c940"
                    ]
                ],
                "1": [
                    [
                        {
                            "id": "HG002"
                        },
                        "HG002_modkit_pileup.bed.gz.tbi:md5,d41d8cd98f00b204e9800998ecf8427e"
                    ]
                ],
                "2": [
                    
                ],
                "3": [
                    "versions.yml:md5,138cc6e6c6e5328482b1e5c6a31029c8",
                    "versions.yml:md5,69dd5e76cc5e61cd0324b7412fc0546b"
                ],
                "bed": [
                    [
                        {
                            "id": "HG002"
                        },
                        "HG002_modkit_pileup.bed.gz:md5,68b329da9893e34099c7d8ad5cb9c940"
                    ]
                ],
                "bigwig": [
                    
                ],
                "tbi": [
                    [
                        {
                            "id": "HG002"
                        },
                        "HG002_modkit_pileup.bed.gz.tbi:md5,d41d8cd98f00b204e9800998ecf8427e"
                    ]
                ],
                "versions": [
                    "versions.yml:md5,138cc6e6c6e5328482b1e5c6a31029c8",
                    "versions.yml:md5,69dd5e76cc5e61cd0324b7412fc0546b"
                ]
            }
        ],
        "meta": {
            "nf-test": "0.9.0",
            "nextflow": "25.04.5"
        },
        "timestamp": "2025-09-11T14:04:09.076767689"
    },
    "1 sample - bed unphased": {
        "content": [
            {
                "0": [
                    [
                        {
                            "id": "HG002"
                        },
                        "HG002_modkit_pileup.bed.gz:md5,840386053b6a3f50ff8ffbbbba938595"
                    ]
                ],
                "1": [
                    [
                        {
                            "id": "HG002"
                        },
                        "HG002_modkit_pileup.bed.gz.tbi:md5,c9a0a0d1d170c008224eba2f585c613d"
                    ]
                ],
                "2": [
                    [
                        {
                            "id": "HG002"
                        },
                        "HG002_modkit_pileup.bw:md5,e7f25f289f3dd02261ca868084487094"
                    ]
                ],
                "3": [
                    "versions.yml:md5,138cc6e6c6e5328482b1e5c6a31029c8",
                    "versions.yml:md5,357aba3cdaf107b0be7a037803837280",
                    "versions.yml:md5,69dd5e76cc5e61cd0324b7412fc0546b"
                ],
                "bed": [
                    [
                        {
                            "id": "HG002"
                        },
                        "HG002_modkit_pileup.bed.gz:md5,840386053b6a3f50ff8ffbbbba938595"
                    ]
                ],
                "bigwig": [
                    [
                        {
                            "id": "HG002"
                        },
                        "HG002_modkit_pileup.bw:md5,e7f25f289f3dd02261ca868084487094"
                    ]
                ],
                "tbi": [
                    [
                        {
                            "id": "HG002"
                        },
                        "HG002_modkit_pileup.bed.gz.tbi:md5,c9a0a0d1d170c008224eba2f585c613d"
                    ]
                ],
                "versions": [
                    "versions.yml:md5,138cc6e6c6e5328482b1e5c6a31029c8",
                    "versions.yml:md5,357aba3cdaf107b0be7a037803837280",
                    "versions.yml:md5,69dd5e76cc5e61cd0324b7412fc0546b"
                ]
            }
        ],
        "meta": {
            "nf-test": "0.9.2",
            "nextflow": "25.04.6"
        },
        "timestamp": "2025-10-21T15:59:14.491504374"
    }
}