{
    "test profile": {
        "content": [
            "multisample.ped:md5,f52b1fb9647cb255313b9602841481fd",
            "multisample.pairs.tsv:md5,4a0988fc3c0fe5cfd5dd205fe6755595",
            "multisample.samples.tsv:md5,1685dc6cb8c6b9806ca636662980d686",
            "multisample.html:md5,d05e0eceb70ada3a0c25f99a16ad1889",
            "multiqc_citations.txt:md5,a27affce20d456d20ed387097a4f0350",
            "multiqc_fastqc.txt:md5,055c2c156136798feeb1658adf905e95",
            "multiqc_somalier.txt:md5,20b4c5b2d5b94b77fb800548e07a874e",
            "74b4822241bd8d1bc42f494f1f3e326c",
            "HG002_Revio.asm.bp.hap1.p_ctg.assembly_summary:md5,ccaad2690abccadc4ec3b2c5d8fa4b05",
            "HG002_Revio.asm.bp.hap2.p_ctg.assembly_summary:md5,c5bbeabb571453186a39cf6e487dbcc5",
            "67fc08c5db63d417992aa4842a567c2d",
            "28f964b0683d285fabc5407af0f28580",
            "HG002_Revio.dip.bed:md5,5c0ad25a4bb82b8ce06f526664ffbd1c",
            "HG002_Revio.hap1.bed:md5,28ac0570c41a83c231f2c853918d24c5",
            "HG002_Revio.hap2.bed:md5,8b9a998402277ef043718f95a5410fe1",
            "HG002_Revio.HG002_Revio.copynum.bedgraph:md5,517bc59c1b235490c79aa8319437b033",
            "HG002_Revio.HG002_Revio.depth.bw:md5,20757c985f4713b8568dee05765db701",
            "HG002_Revio.HG002_Revio.maf.bw:md5,4699d7a664277863f06eb48c3cba3c41",
            "HG002_Revio.mosdepth.global.dist.txt:md5,6186315d4d65eda85553af82a98829d1",
            "HG002_Revio.mosdepth.region.dist.txt:md5,c6c7ee8f056b8b2b92c97ec472b1db16",
            "HG002_Revio.mosdepth.summary.txt:md5,35c51f1ad9d2856d1e6446205f19a8e3",
            "HG002_Revio.asm.bp.hap1.p_ctg.fasta.gz:md5,6c040d554c3310e1555c928a68fca9f2",
            "HG002_Revio.asm.bp.hap2.p_ctg.fasta.gz:md5,d250ea1f1a1186d1d324c843bc8a3e7a",
            "HG002_Revio.dip.vcf.gz:md5,ce28d131a954db1325246fce498eb659",
            "HG002_Revio.hap1.paf.gz:md5,493bbf9db4bc541a348de656f29e58f1",
            "HG002_Revio.hap1.var.gz:md5,55e7be8fb8fe051725890f1cfaae3692",
            "HG002_Revio.hap2.paf.gz:md5,63066bc6d6abcdff9b6916d549077a41",
            "HG002_Revio.hap2.var.gz:md5,fb0b9d9708cd907831f9cd7019f1d03d",
            "HG002_Revio.pair.vcf.gz:md5,977d60dfdf18e27c06574ec8297e49e4",
            "HG002_Revio.HG002_Revio.vcf.gz:md5,771f7d9ecbd161dedfbdd053ceff0d52",
            "HG002_Revio.HG002_Revio.vcf.gz.tbi:md5,65d6930f79e626a5542091b7a419dc2b",
            "HG002_Revio_modkit_pileup.bed.gz:md5,8850d8414ecefc2341452f23ce5e6870",
            "HG002_Revio_modkit_pileup.bed.gz.tbi:md5,af7e0b1699351d6df3d93d223d5c3da9",
            "fcc3f220bb09d3264f97e7f620779be0",
            "HG002_Revio_cramino_aligned_phased.arrow:md5,72df2934ff8aa7e1bf8cf8a4881a0d2a",
            "HG002_Revio_cramino_aligned.arrow:md5,72df2934ff8aa7e1bf8cf8a4881a0d2a",
            "HG002_Revio.regions.bed.gz:md5,e051f64c7a780d67ea6727a327dd4281",
            "HG002_Revio.regions.bed.gz.csi:md5,026eef1c69fb4aa3a1687463fe2088ab",
            "HG002_PacBio_Revio.fastq.gz.tsv.zst:md5,4b073293b3e771d19b4cfdb07909571b",
            "HG002_Revio_sorted.vcf.gz:md5,bc06de08b8e36b3b48e0d7b9e21df389",
            "HG002_Revio_sorted.vcf.gz.tbi:md5,08a5c82838264c558eb30726906f47e0",
            "110181f29066158df34abbad9e3becc8",
            "HG002_Revio.vcf.gz.bcftools_stats.txt:md5,ba63db6ea639dc7080fabdedf19779b4"
        ],
        "meta": {
            "nf-test": "0.8.4",
            "nextflow": "24.04.3"
        },
        "timestamp": "2024-07-26T10:41:39.74321081"
    },
    "test profile - multisample": {
        "content": [
            "multisample.ped:md5,2d69697ac006715f975502a6578c9d1f",
            "multiqc_citations.txt:md5,a27affce20d456d20ed387097a4f0350",
            "multiqc_fastqc.txt:md5,234f2958710c30f62446a9406cbfcaae",
            "74b4822241bd8d1bc42f494f1f3e326c",
            "HG002_Revio_A.asm.bp.hap1.p_ctg.assembly_summary:md5,ccaad2690abccadc4ec3b2c5d8fa4b05",
            "HG002_Revio_A.asm.bp.hap2.p_ctg.assembly_summary:md5,c5bbeabb571453186a39cf6e487dbcc5",
            "67fc08c5db63d417992aa4842a567c2d",
            "28f964b0683d285fabc5407af0f28580",
            "HG002_Revio_A.dip.bed:md5,5c0ad25a4bb82b8ce06f526664ffbd1c",
            "HG002_Revio_A.hap1.bed:md5,28ac0570c41a83c231f2c853918d24c5",
            "HG002_Revio_A.hap2.bed:md5,8b9a998402277ef043718f95a5410fe1",
            "HG002_Revio_A.HG002_Revio_A.copynum.bedgraph:md5,517bc59c1b235490c79aa8319437b033",
            "HG002_Revio_A.HG002_Revio_A.depth.bw:md5,20757c985f4713b8568dee05765db701",
            "HG002_Revio_A.HG002_Revio_A.maf.bw:md5,4699d7a664277863f06eb48c3cba3c41",
            "HG002_Revio_A.mosdepth.global.dist.txt:md5,6186315d4d65eda85553af82a98829d1",
            "HG002_Revio_A.mosdepth.region.dist.txt:md5,c6c7ee8f056b8b2b92c97ec472b1db16",
            "HG002_Revio_A.mosdepth.summary.txt:md5,35c51f1ad9d2856d1e6446205f19a8e3",
            "HG002_Revio_A.asm.bp.hap1.p_ctg.fasta.gz:md5,6c040d554c3310e1555c928a68fca9f2",
            "HG002_Revio_A.asm.bp.hap2.p_ctg.fasta.gz:md5,d250ea1f1a1186d1d324c843bc8a3e7a",
            "HG002_Revio_A.dip.vcf.gz:md5,d97b3e520a3bf6f85eb6b5dd66961e71",
            "HG002_Revio_A.hap1.paf.gz:md5,493bbf9db4bc541a348de656f29e58f1",
            "HG002_Revio_A.hap1.var.gz:md5,55e7be8fb8fe051725890f1cfaae3692",
            "HG002_Revio_A.hap2.paf.gz:md5,63066bc6d6abcdff9b6916d549077a41",
            "HG002_Revio_A.hap2.var.gz:md5,fb0b9d9708cd907831f9cd7019f1d03d",
            "HG002_Revio_A.pair.vcf.gz:md5,8fd0eb40954ed6d829d0632d0cf54414",
            "HG002_Revio_A.HG002_Revio_A.vcf.gz:md5,e575fbadcd826243561192310f234c82",
            "HG002_Revio_A.HG002_Revio_A.vcf.gz.tbi:md5,e27fe63e51a2cfaec020ad0a1aec4a7f",
            "HG002_Revio_A_modkit_pileup.bed.gz:md5,8850d8414ecefc2341452f23ce5e6870",
            "HG002_Revio_A_modkit_pileup.bed.gz.tbi:md5,af7e0b1699351d6df3d93d223d5c3da9",
            "fcc3f220bb09d3264f97e7f620779be0",
            "HG002_Revio_A_cramino_aligned_phased.arrow:md5,72df2934ff8aa7e1bf8cf8a4881a0d2a",
            "HG002_Revio_A_cramino_aligned.arrow:md5,72df2934ff8aa7e1bf8cf8a4881a0d2a",
            "HG002_Revio_A.regions.bed.gz:md5,e051f64c7a780d67ea6727a327dd4281",
            "HG002_Revio_A.regions.bed.gz.csi:md5,026eef1c69fb4aa3a1687463fe2088ab",
            "HG002_PacBio_Revio.bam_other.fastq.gz.tsv.zst:md5,4b073293b3e771d19b4cfdb07909571b",
            "HG002_Revio_A_sorted.vcf.gz:md5,b95e709a27fe1df9ee1487b99f396bf4",
            "HG002_Revio_A_sorted.vcf.gz.tbi:md5,b1eb1f21f36782089b8e0bb0a54105ed",
            "110181f29066158df34abbad9e3becc8",
            "HG002_Revio_A.vcf.gz.bcftools_stats.txt:md5,735742ed6775d3c3a22966ce9080b1ce",
            "fe7bb70701d1100b2874c10a512a2144",
            "HG002_Revio_B.asm.bp.hap1.p_ctg.assembly_summary:md5,4941730ceacb4012e771208be7a6673a",
            "HG002_Revio_B.asm.bp.hap2.p_ctg.assembly_summary:md5,be7dcb093d25922b72ef0f7bc1bf0706",
            "dc5ae77e003989e86ccbfd14b4ae6c7",
            "3608f178b942e804e5588e5bbd9e06ee",
            "HG002_Revio_B.dip.bed:md5,865dbd07d7c6b7904176ee25cce91928",
            "HG002_Revio_B.hap1.bed:md5,50609668f7b26a9d68d583fdaad9bedd",
            "HG002_Revio_B.hap2.bed:md5,865338ef4e621ca1e8efcc0a8a6c64d0",
            "HG002_Revio_B.HG002_Revio_B.copynum.bedgraph:md5,22b040fce6bdf6b2e323f1cc1658128d",
            "HG002_Revio_B.HG002_Revio_B.depth.bw:md5,26bc36669ae0b066c2462e3c9307860f",
            "HG002_Revio_B.HG002_Revio_B.maf.bw:md5,6c5691dbaf6e526f4b8fa0f7147bfc8b",
            "HG002_Revio_B.mosdepth.global.dist.txt:md5,c3449580a34c495f537635c3bde4699d",
            "HG002_Revio_B.mosdepth.region.dist.txt:md5,98a20c6295a956932c21534cbf5e889c",
            "HG002_Revio_B.mosdepth.summary.txt:md5,d4fa8aeabc3b348255e7a2fa0135b1a4",
            "HG002_Revio_B.asm.bp.hap1.p_ctg.fasta.gz:md5,bd4ae3d478b26ebaa6b64c6795e09e71",
            "HG002_Revio_B.asm.bp.hap2.p_ctg.fasta.gz:md5,688d9e693b580a901632022b26fd9d5f",
            "HG002_Revio_B.dip.vcf.gz:md5,544c42489591d02fa0dc143e6cf1c6b8",
            "HG002_Revio_B.hap1.paf.gz:md5,467daced5b3897cf74c68251b8f99e3a",
            "HG002_Revio_B.hap1.var.gz:md5,fb4efe049800a27b10d080ea5a563fb6",
            "HG002_Revio_B.hap2.paf.gz:md5,fadac5cffae4e167ef1c41de929edf1b",
            "HG002_Revio_B.hap2.var.gz:md5,6e4fcd586c9a30b46d23a8de1d0efe73",
            "HG002_Revio_B.pair.vcf.gz:md5,987d192995729f82247dffdcea2dd60f",
            "HG002_Revio_B.HG002_Revio_B.vcf.gz:md5,59773d5836f76b36dc1bf75e32186898",
            "HG002_Revio_B.HG002_Revio_B.vcf.gz.tbi:md5,1408aeaca23a00eee979101eb45d887d",
            "HG002_Revio_B_modkit_pileup.bed.gz:md5,e50e61d644ad3219b3088b1c0d701862",
            "HG002_Revio_B_modkit_pileup.bed.gz.tbi:md5,ae29296657f0d2c7451d285ec49f8675",
            "a8a1403ba192f971638c870a2be35700",
            "HG002_Revio_B_cramino_aligned_phased.arrow:md5,bdd385c0b007ffc30c6cfdd98b15ed82",
            "HG002_Revio_B_cramino_aligned.arrow:md5,bdd385c0b007ffc30c6cfdd98b15ed82",
            "HG002_Revio_B.regions.bed.gz:md5,deaca22783bd058cdc8756efa25b5f53",
            "HG002_Revio_B.regions.bed.gz.csi:md5,dd9a0d36d71da0d274d1c9ca6f8571ae",
            "HG002_Revio_B.merged.fastq.gz.tsv.zst:md5,0641e175a07429b61710329a2eeef450",
            "HG002_Revio_B_sorted.vcf.gz:md5,05ae66b46d2f87a2133fcdf93d30f38c",
            "HG002_Revio_B_sorted.vcf.gz.tbi:md5,244a3f966e3434220cd69fcb04b08d01",
            "18e3bd1fe43fc17ace2f57db5861498c",
            "HG002_Revio_B.vcf.gz.bcftools_stats.txt:md5,999ab680e9f012d0f1cb6f7aaafdc772"
        ],
        "meta": {
            "nf-test": "0.8.4",
            "nextflow": "24.04.3"
        },
        "timestamp": "2024-07-26T10:46:15.4519051"
    }
}