{
    "vcf, [[],[]], false": {
        "content": [
            [
                "versions.yml:md5,7d9185c65ba6ef50b36f1ffd53928cfe"
            ],
            "test_filtered.vcf.gz.tbi",
            "VcfFile [chromosomes=[chrX, chr16, chr17], sampleCount=3, variantCount=202, phased=false, phasedAutodetect=false]"
        ],
        "meta": {
            "nf-test": "0.9.2",
            "nextflow": "25.04.6"
        },
        "timestamp": "2025-10-22T11:02:16.062233877"
    },
    "vcf, hgnc_ids, true": {
        "content": [
            [
                "versions.yml:md5,11806a211f1ea5f7f0658ca263c72b84",
                "versions.yml:md5,7d9185c65ba6ef50b36f1ffd53928cfe"
            ],
            "test_filtered.vcf.gz.tbi",
            "VcfFile [chromosomes=[chr16], sampleCount=3, variantCount=86, phased=false, phasedAutodetect=false]"
        ],
        "meta": {
            "nf-test": "0.9.2",
            "nextflow": "25.04.6"
        },
        "timestamp": "2025-10-22T11:03:03.034454164"
    }
}