{
    "2 gVCFs, with bed -stub": {
        "content": [
            {
                "0": [
                    [
                        {
                            "id": "test"
                        },
                        "test.vcf.gz:md5,68b329da9893e34099c7d8ad5cb9c940"
                    ]
                ],
                "1": [
                    [
                        {
                            "id": "test"
                        },
                        "test.vcf.gz.tbi:md5,d41d8cd98f00b204e9800998ecf8427e"
                    ]
                ],
                "2": [
                    "versions.yml:md5,38ea33a2f4cd8fe61103a16e2de83f53",
                    "versions.yml:md5,4ddf96fdce24e35aebe4ace35857591b",
                    "versions.yml:md5,fef01d57d7aab64c1458c63ffe18d1a3"
                ],
                "index": [
                    [
                        {
                            "id": "test"
                        },
                        "test.vcf.gz.tbi:md5,d41d8cd98f00b204e9800998ecf8427e"
                    ]
                ],
                "vcf": [
                    [
                        {
                            "id": "test"
                        },
                        "test.vcf.gz:md5,68b329da9893e34099c7d8ad5cb9c940"
                    ]
                ],
                "versions": [
                    "versions.yml:md5,38ea33a2f4cd8fe61103a16e2de83f53",
                    "versions.yml:md5,4ddf96fdce24e35aebe4ace35857591b",
                    "versions.yml:md5,fef01d57d7aab64c1458c63ffe18d1a3"
                ]
            }
        ],
        "meta": {
            "nf-test": "0.9.2",
            "nextflow": "25.04.6"
        },
        "timestamp": "2025-10-22T11:04:52.235260558"
    },
    "1 gVCF, without bed": {
        "content": [
            {
                "0": [
                    [
                        {
                            "id": "test"
                        },
                        "test.vcf.gz:md5,55f3c68656e8c179bb1fe61057ce1bc3"
                    ]
                ],
                "1": [
                    [
                        {
                            "id": "test"
                        },
                        "test.vcf.gz.tbi:md5,f4abe98ed0cb3c2b428c26ad0635d72e"
                    ]
                ],
                "2": [
                    "versions.yml:md5,38ea33a2f4cd8fe61103a16e2de83f53",
                    "versions.yml:md5,4ddf96fdce24e35aebe4ace35857591b",
                    "versions.yml:md5,fef01d57d7aab64c1458c63ffe18d1a3"
                ],
                "index": [
                    [
                        {
                            "id": "test"
                        },
                        "test.vcf.gz.tbi:md5,f4abe98ed0cb3c2b428c26ad0635d72e"
                    ]
                ],
                "vcf": [
                    [
                        {
                            "id": "test"
                        },
                        "test.vcf.gz:md5,55f3c68656e8c179bb1fe61057ce1bc3"
                    ]
                ],
                "versions": [
                    "versions.yml:md5,38ea33a2f4cd8fe61103a16e2de83f53",
                    "versions.yml:md5,4ddf96fdce24e35aebe4ace35857591b",
                    "versions.yml:md5,fef01d57d7aab64c1458c63ffe18d1a3"
                ]
            }
        ],
        "meta": {
            "nf-test": "0.9.2",
            "nextflow": "25.04.6"
        },
        "timestamp": "2025-10-22T11:04:20.181457758"
    },
    "2 gVCFs, without bed": {
        "content": [
            {
                "0": [
                    [
                        {
                            "id": "test"
                        },
                        "test.vcf.gz:md5,64386cbe4844c9ec0a7aa78c82ff8ab1"
                    ]
                ],
                "1": [
                    [
                        {
                            "id": "test"
                        },
                        "test.vcf.gz.tbi:md5,0a0f558ffb70dfeb7ba6220a9cfb6b0d"
                    ]
                ],
                "2": [
                    "versions.yml:md5,38ea33a2f4cd8fe61103a16e2de83f53",
                    "versions.yml:md5,4ddf96fdce24e35aebe4ace35857591b",
                    "versions.yml:md5,fef01d57d7aab64c1458c63ffe18d1a3"
                ],
                "index": [
                    [
                        {
                            "id": "test"
                        },
                        "test.vcf.gz.tbi:md5,0a0f558ffb70dfeb7ba6220a9cfb6b0d"
                    ]
                ],
                "vcf": [
                    [
                        {
                            "id": "test"
                        },
                        "test.vcf.gz:md5,64386cbe4844c9ec0a7aa78c82ff8ab1"
                    ]
                ],
                "versions": [
                    "versions.yml:md5,38ea33a2f4cd8fe61103a16e2de83f53",
                    "versions.yml:md5,4ddf96fdce24e35aebe4ace35857591b",
                    "versions.yml:md5,fef01d57d7aab64c1458c63ffe18d1a3"
                ]
            }
        ],
        "meta": {
            "nf-test": "0.9.2",
            "nextflow": "25.04.6"
        },
        "timestamp": "2025-10-22T11:04:26.908365122"
    },
    "2 gVCFs, without bed -stub": {
        "content": [
            {
                "0": [
                    [
                        {
                            "id": "test"
                        },
                        "test.vcf.gz:md5,68b329da9893e34099c7d8ad5cb9c940"
                    ]
                ],
                "1": [
                    [
                        {
                            "id": "test"
                        },
                        "test.vcf.gz.tbi:md5,d41d8cd98f00b204e9800998ecf8427e"
                    ]
                ],
                "2": [
                    "versions.yml:md5,38ea33a2f4cd8fe61103a16e2de83f53",
                    "versions.yml:md5,4ddf96fdce24e35aebe4ace35857591b",
                    "versions.yml:md5,fef01d57d7aab64c1458c63ffe18d1a3"
                ],
                "index": [
                    [
                        {
                            "id": "test"
                        },
                        "test.vcf.gz.tbi:md5,d41d8cd98f00b204e9800998ecf8427e"
                    ]
                ],
                "vcf": [
                    [
                        {
                            "id": "test"
                        },
                        "test.vcf.gz:md5,68b329da9893e34099c7d8ad5cb9c940"
                    ]
                ],
                "versions": [
                    "versions.yml:md5,38ea33a2f4cd8fe61103a16e2de83f53",
                    "versions.yml:md5,4ddf96fdce24e35aebe4ace35857591b",
                    "versions.yml:md5,fef01d57d7aab64c1458c63ffe18d1a3"
                ]
            }
        ],
        "meta": {
            "nf-test": "0.9.2",
            "nextflow": "25.04.6"
        },
        "timestamp": "2025-10-22T11:04:46.054196423"
    },
    "1 gVCF, without bed -stub": {
        "content": [
            {
                "0": [
                    [
                        {
                            "id": "test"
                        },
                        "test.vcf.gz:md5,68b329da9893e34099c7d8ad5cb9c940"
                    ]
                ],
                "1": [
                    [
                        {
                            "id": "test"
                        },
                        "test.vcf.gz.tbi:md5,d41d8cd98f00b204e9800998ecf8427e"
                    ]
                ],
                "2": [
                    "versions.yml:md5,38ea33a2f4cd8fe61103a16e2de83f53",
                    "versions.yml:md5,4ddf96fdce24e35aebe4ace35857591b",
                    "versions.yml:md5,fef01d57d7aab64c1458c63ffe18d1a3"
                ],
                "index": [
                    [
                        {
                            "id": "test"
                        },
                        "test.vcf.gz.tbi:md5,d41d8cd98f00b204e9800998ecf8427e"
                    ]
                ],
                "vcf": [
                    [
                        {
                            "id": "test"
                        },
                        "test.vcf.gz:md5,68b329da9893e34099c7d8ad5cb9c940"
                    ]
                ],
                "versions": [
                    "versions.yml:md5,38ea33a2f4cd8fe61103a16e2de83f53",
                    "versions.yml:md5,4ddf96fdce24e35aebe4ace35857591b",
                    "versions.yml:md5,fef01d57d7aab64c1458c63ffe18d1a3"
                ]
            }
        ],
        "meta": {
            "nf-test": "0.9.2",
            "nextflow": "25.04.6"
        },
        "timestamp": "2025-10-22T11:04:39.703473629"
    },
    "2 gVCFs, with bed": {
        "content": [
            {
                "0": [
                    [
                        {
                            "id": "test"
                        },
                        "test.vcf.gz:md5,64386cbe4844c9ec0a7aa78c82ff8ab1"
                    ]
                ],
                "1": [
                    [
                        {
                            "id": "test"
                        },
                        "test.vcf.gz.tbi:md5,0a0f558ffb70dfeb7ba6220a9cfb6b0d"
                    ]
                ],
                "2": [
                    "versions.yml:md5,38ea33a2f4cd8fe61103a16e2de83f53",
                    "versions.yml:md5,4ddf96fdce24e35aebe4ace35857591b",
                    "versions.yml:md5,fef01d57d7aab64c1458c63ffe18d1a3"
                ],
                "index": [
                    [
                        {
                            "id": "test"
                        },
                        "test.vcf.gz.tbi:md5,0a0f558ffb70dfeb7ba6220a9cfb6b0d"
                    ]
                ],
                "vcf": [
                    [
                        {
                            "id": "test"
                        },
                        "test.vcf.gz:md5,64386cbe4844c9ec0a7aa78c82ff8ab1"
                    ]
                ],
                "versions": [
                    "versions.yml:md5,38ea33a2f4cd8fe61103a16e2de83f53",
                    "versions.yml:md5,4ddf96fdce24e35aebe4ace35857591b",
                    "versions.yml:md5,fef01d57d7aab64c1458c63ffe18d1a3"
                ]
            }
        ],
        "meta": {
            "nf-test": "0.9.2",
            "nextflow": "25.04.6"
        },
        "timestamp": "2025-10-22T11:04:33.439816913"
    }
}