{
    "[bam, bai], fasta, fai, bed": {
        "content": [
            "7e217a420f6cf91acb089797e7e8dafe",
            "880f8d47f964d3c8541d6acbca5ba02e",
            "fda458478c19ccf3b6b5fc128cecb534",
            [
                "versions.yml:md5,1b2027c02a323f942fc47f46cd82bd2e",
                "versions.yml:md5,2ce6af1042b39b1a4bdf881e43144c95",
                "versions.yml:md5,38462d5f29b6b0e354a5e305017ed80d",
                "versions.yml:md5,7158c6b7f001f4ca9aba515e8082e698",
                "versions.yml:md5,ad3480a461a9352bfe3344244cc01ab0",
                "versions.yml:md5,f388b35aae2ba0122406d46d8e3ca76c"
            ]
        ],
        "meta": {
            "nf-test": "0.9.2",
            "nextflow": "24.10.6"
        },
        "timestamp": "2025-06-23T11:40:36.706942091"
    },
    "[bam, bai], fasta, fai, bed - stub": {
        "content": [
            {
                "0": [
                    [
                        {
                            "id": "test",
                            "single_end": false,
                            "family_id": "family",
                            "sex": 1
                        },
                        "test_sorted.vcf.gz:md5,68b329da9893e34099c7d8ad5cb9c940"
                    ]
                ],
                "1": [
                    [
                        {
                            "id": "test",
                            "single_end": false,
                            "family_id": "family",
                            "sex": 1
                        },
                        "test_sorted.vcf.gz.tbi:md5,d41d8cd98f00b204e9800998ecf8427e"
                    ]
                ],
                "2": [
                    [
                        {
                            "id": "family"
                        },
                        "family.vcf.gz:md5,68b329da9893e34099c7d8ad5cb9c940"
                    ]
                ],
                "3": [
                    [
                        {
                            "id": "family"
                        },
                        "family.vcf.gz.tbi:md5,d41d8cd98f00b204e9800998ecf8427e"
                    ]
                ],
                "4": [
                    [
                        {
                            "id": "test",
                            "single_end": false,
                            "family_id": "family",
                            "sex": 1
                        },
                        "test.bam:md5,d41d8cd98f00b204e9800998ecf8427e"
                    ]
                ],
                "5": [
                    [
                        {
                            "id": "test",
                            "single_end": false,
                            "family_id": "family",
                            "sex": 1
                        },
                        "test.bam.bai:md5,d41d8cd98f00b204e9800998ecf8427e"
                    ]
                ],
                "6": [
                    "versions.yml:md5,1b2027c02a323f942fc47f46cd82bd2e",
                    "versions.yml:md5,2ce6af1042b39b1a4bdf881e43144c95",
                    "versions.yml:md5,38462d5f29b6b0e354a5e305017ed80d",
                    "versions.yml:md5,7158c6b7f001f4ca9aba515e8082e698",
                    "versions.yml:md5,ad3480a461a9352bfe3344244cc01ab0",
                    "versions.yml:md5,f388b35aae2ba0122406d46d8e3ca76c"
                ],
                "family_tbi": [
                    [
                        {
                            "id": "family"
                        },
                        "family.vcf.gz.tbi:md5,d41d8cd98f00b204e9800998ecf8427e"
                    ]
                ],
                "family_vcf": [
                    [
                        {
                            "id": "family"
                        },
                        "family.vcf.gz:md5,68b329da9893e34099c7d8ad5cb9c940"
                    ]
                ],
                "sample_bai": [
                    [
                        {
                            "id": "test",
                            "single_end": false,
                            "family_id": "family",
                            "sex": 1
                        },
                        "test.bam.bai:md5,d41d8cd98f00b204e9800998ecf8427e"
                    ]
                ],
                "sample_bam": [
                    [
                        {
                            "id": "test",
                            "single_end": false,
                            "family_id": "family",
                            "sex": 1
                        },
                        "test.bam:md5,d41d8cd98f00b204e9800998ecf8427e"
                    ]
                ],
                "sample_tbi": [
                    [
                        {
                            "id": "test",
                            "single_end": false,
                            "family_id": "family",
                            "sex": 1
                        },
                        "test_sorted.vcf.gz.tbi:md5,d41d8cd98f00b204e9800998ecf8427e"
                    ]
                ],
                "sample_vcf": [
                    [
                        {
                            "id": "test",
                            "single_end": false,
                            "family_id": "family",
                            "sex": 1
                        },
                        "test_sorted.vcf.gz:md5,68b329da9893e34099c7d8ad5cb9c940"
                    ]
                ],
                "versions": [
                    "versions.yml:md5,1b2027c02a323f942fc47f46cd82bd2e",
                    "versions.yml:md5,2ce6af1042b39b1a4bdf881e43144c95",
                    "versions.yml:md5,38462d5f29b6b0e354a5e305017ed80d",
                    "versions.yml:md5,7158c6b7f001f4ca9aba515e8082e698",
                    "versions.yml:md5,ad3480a461a9352bfe3344244cc01ab0",
                    "versions.yml:md5,f388b35aae2ba0122406d46d8e3ca76c"
                ]
            }
        ],
        "meta": {
            "nf-test": "0.9.2",
            "nextflow": "24.10.6"
        },
        "timestamp": "2025-06-23T11:40:47.541212623"
    }
}
