{
    "1 sample - 1 bed, fasta, fai, bed": {
        "content": [
            {
                "0": [
                    [
                        {
                            "id": "test",
                            "single_end": false
                        },
                        "test_concat_vcf.vcf.gz_sorted.vcf.gz_norm.vcf.gz:md5,d8a35574801cfec345629770bfae2de7"
                    ]
                ],
                "1": [
                    [
                        {
                            "id": "multisample"
                        },
                        "multisample.bcf_filltags.vcf_norm.vcf.gz:md5,e6dd7f56772c154750e937d9a56baa6d"
                    ]
                ],
                "2": [
                    "versions.yml:md5,0ca81f5e441a48c6c650a07c7045ed34",
                    "versions.yml:md5,24d51016afc8125a2ef4f5ba42a07bab",
                    "versions.yml:md5,24d51016afc8125a2ef4f5ba42a07bab",
                    "versions.yml:md5,38fcec4389d89d9ebbdaa63f369600f6",
                    "versions.yml:md5,69acb554aff0d931eda1843a5aaa0b89",
                    "versions.yml:md5,cb16914849e7996a54a7125e36c96576",
                    "versions.yml:md5,dce103ef6b2f37c6844db8191418b9e6",
                    "versions.yml:md5,f0fdcc8697bb029a433cc4ba12f3c105",
                    "versions.yml:md5,f41077fceba2b7405542dfe054f2225a"
                ],
                "combined_bcf": [
                    [
                        {
                            "id": "multisample"
                        },
                        "multisample.bcf_filltags.vcf_norm.vcf.gz:md5,e6dd7f56772c154750e937d9a56baa6d"
                    ]
                ],
                "snp_calls_vcf": [
                    [
                        {
                            "id": "test",
                            "single_end": false
                        },
                        "test_concat_vcf.vcf.gz_sorted.vcf.gz_norm.vcf.gz:md5,d8a35574801cfec345629770bfae2de7"
                    ]
                ],
                "versions": [
                    "versions.yml:md5,0ca81f5e441a48c6c650a07c7045ed34",
                    "versions.yml:md5,24d51016afc8125a2ef4f5ba42a07bab",
                    "versions.yml:md5,24d51016afc8125a2ef4f5ba42a07bab",
                    "versions.yml:md5,38fcec4389d89d9ebbdaa63f369600f6",
                    "versions.yml:md5,69acb554aff0d931eda1843a5aaa0b89",
                    "versions.yml:md5,cb16914849e7996a54a7125e36c96576",
                    "versions.yml:md5,dce103ef6b2f37c6844db8191418b9e6",
                    "versions.yml:md5,f0fdcc8697bb029a433cc4ba12f3c105",
                    "versions.yml:md5,f41077fceba2b7405542dfe054f2225a"
                ]
            }
        ],
        "meta": {
            "nf-test": "0.8.4",
            "nextflow": "24.04.2"
        },
        "timestamp": "2024-07-09T11:59:06.873173703"
    },
    "2 samples - 2 bed, fasta, fai, bed": {
        "content": [
            {
                "0": [
                    [
                        {
                            "id": "test",
                            "single_end": false
                        },
                        "test_concat_vcf.vcf.gz_sorted.vcf.gz_norm.vcf.gz:md5,d8a35574801cfec345629770bfae2de7"
                    ],
                    [
                        {
                            "id": "test2",
                            "single_end": false
                        },
                        "test2_concat_vcf.vcf.gz_sorted.vcf.gz_norm.vcf.gz:md5,0ce965213b3c4fa10f5e855e0254cc0e"
                    ]
                ],
                "1": [
                    [
                        {
                            "id": "multisample"
                        },
                        "multisample.bcf_filltags.vcf_norm.vcf.gz:md5,7533ee89ae115f8f78ac26d29efc78d3"
                    ]
                ],
                "2": [
                    "versions.yml:md5,0ca81f5e441a48c6c650a07c7045ed34",
                    "versions.yml:md5,24d51016afc8125a2ef4f5ba42a07bab",
                    "versions.yml:md5,24d51016afc8125a2ef4f5ba42a07bab",
                    "versions.yml:md5,24d51016afc8125a2ef4f5ba42a07bab",
                    "versions.yml:md5,38fcec4389d89d9ebbdaa63f369600f6",
                    "versions.yml:md5,38fcec4389d89d9ebbdaa63f369600f6",
                    "versions.yml:md5,38fcec4389d89d9ebbdaa63f369600f6",
                    "versions.yml:md5,38fcec4389d89d9ebbdaa63f369600f6",
                    "versions.yml:md5,69acb554aff0d931eda1843a5aaa0b89",
                    "versions.yml:md5,69acb554aff0d931eda1843a5aaa0b89",
                    "versions.yml:md5,cb16914849e7996a54a7125e36c96576",
                    "versions.yml:md5,cb16914849e7996a54a7125e36c96576",
                    "versions.yml:md5,dce103ef6b2f37c6844db8191418b9e6",
                    "versions.yml:md5,f0fdcc8697bb029a433cc4ba12f3c105",
                    "versions.yml:md5,f0fdcc8697bb029a433cc4ba12f3c105",
                    "versions.yml:md5,f41077fceba2b7405542dfe054f2225a",
                    "versions.yml:md5,f41077fceba2b7405542dfe054f2225a"
                ],
                "combined_bcf": [
                    [
                        {
                            "id": "multisample"
                        },
                        "multisample.bcf_filltags.vcf_norm.vcf.gz:md5,7533ee89ae115f8f78ac26d29efc78d3"
                    ]
                ],
                "snp_calls_vcf": [
                    [
                        {
                            "id": "test",
                            "single_end": false
                        },
                        "test_concat_vcf.vcf.gz_sorted.vcf.gz_norm.vcf.gz:md5,d8a35574801cfec345629770bfae2de7"
                    ],
                    [
                        {
                            "id": "test2",
                            "single_end": false
                        },
                        "test2_concat_vcf.vcf.gz_sorted.vcf.gz_norm.vcf.gz:md5,0ce965213b3c4fa10f5e855e0254cc0e"
                    ]
                ],
                "versions": [
                    "versions.yml:md5,0ca81f5e441a48c6c650a07c7045ed34",
                    "versions.yml:md5,24d51016afc8125a2ef4f5ba42a07bab",
                    "versions.yml:md5,24d51016afc8125a2ef4f5ba42a07bab",
                    "versions.yml:md5,24d51016afc8125a2ef4f5ba42a07bab",
                    "versions.yml:md5,38fcec4389d89d9ebbdaa63f369600f6",
                    "versions.yml:md5,38fcec4389d89d9ebbdaa63f369600f6",
                    "versions.yml:md5,38fcec4389d89d9ebbdaa63f369600f6",
                    "versions.yml:md5,38fcec4389d89d9ebbdaa63f369600f6",
                    "versions.yml:md5,69acb554aff0d931eda1843a5aaa0b89",
                    "versions.yml:md5,69acb554aff0d931eda1843a5aaa0b89",
                    "versions.yml:md5,cb16914849e7996a54a7125e36c96576",
                    "versions.yml:md5,cb16914849e7996a54a7125e36c96576",
                    "versions.yml:md5,dce103ef6b2f37c6844db8191418b9e6",
                    "versions.yml:md5,f0fdcc8697bb029a433cc4ba12f3c105",
                    "versions.yml:md5,f0fdcc8697bb029a433cc4ba12f3c105",
                    "versions.yml:md5,f41077fceba2b7405542dfe054f2225a",
                    "versions.yml:md5,f41077fceba2b7405542dfe054f2225a"
                ]
            }
        ],
        "meta": {
            "nf-test": "0.8.4",
            "nextflow": "24.04.2"
        },
        "timestamp": "2024-07-09T12:00:06.733280923"
    },
    "2 samples - 2 bed, fasta, fai, bed - stub": {
        "content": [
            {
                "0": [
                    [
                        {
                            "id": "test",
                            "single_end": false
                        },
                        "test_concat_vcf.vcf.gz_sorted.vcf.gz_norm.vcf.gz:md5,68b329da9893e34099c7d8ad5cb9c940"
                    ],
                    [
                        {
                            "id": "test2",
                            "single_end": false
                        },
                        "test2_concat_vcf.vcf.gz_sorted.vcf.gz_norm.vcf.gz:md5,68b329da9893e34099c7d8ad5cb9c940"
                    ]
                ],
                "1": [
                    [
                        {
                            "id": "multisample"
                        },
                        "multisample.bcf_filltags.vcf_norm.vcf.gz:md5,68b329da9893e34099c7d8ad5cb9c940"
                    ]
                ],
                "2": [
                    "versions.yml:md5,0ca81f5e441a48c6c650a07c7045ed34",
                    "versions.yml:md5,24d51016afc8125a2ef4f5ba42a07bab",
                    "versions.yml:md5,24d51016afc8125a2ef4f5ba42a07bab",
                    "versions.yml:md5,24d51016afc8125a2ef4f5ba42a07bab",
                    "versions.yml:md5,38fcec4389d89d9ebbdaa63f369600f6",
                    "versions.yml:md5,38fcec4389d89d9ebbdaa63f369600f6",
                    "versions.yml:md5,38fcec4389d89d9ebbdaa63f369600f6",
                    "versions.yml:md5,38fcec4389d89d9ebbdaa63f369600f6",
                    "versions.yml:md5,69acb554aff0d931eda1843a5aaa0b89",
                    "versions.yml:md5,69acb554aff0d931eda1843a5aaa0b89",
                    "versions.yml:md5,cb16914849e7996a54a7125e36c96576",
                    "versions.yml:md5,cb16914849e7996a54a7125e36c96576",
                    "versions.yml:md5,dce103ef6b2f37c6844db8191418b9e6",
                    "versions.yml:md5,f0fdcc8697bb029a433cc4ba12f3c105",
                    "versions.yml:md5,f0fdcc8697bb029a433cc4ba12f3c105",
                    "versions.yml:md5,f41077fceba2b7405542dfe054f2225a",
                    "versions.yml:md5,f41077fceba2b7405542dfe054f2225a"
                ],
                "combined_bcf": [
                    [
                        {
                            "id": "multisample"
                        },
                        "multisample.bcf_filltags.vcf_norm.vcf.gz:md5,68b329da9893e34099c7d8ad5cb9c940"
                    ]
                ],
                "snp_calls_vcf": [
                    [
                        {
                            "id": "test",
                            "single_end": false
                        },
                        "test_concat_vcf.vcf.gz_sorted.vcf.gz_norm.vcf.gz:md5,68b329da9893e34099c7d8ad5cb9c940"
                    ],
                    [
                        {
                            "id": "test2",
                            "single_end": false
                        },
                        "test2_concat_vcf.vcf.gz_sorted.vcf.gz_norm.vcf.gz:md5,68b329da9893e34099c7d8ad5cb9c940"
                    ]
                ],
                "versions": [
                    "versions.yml:md5,0ca81f5e441a48c6c650a07c7045ed34",
                    "versions.yml:md5,24d51016afc8125a2ef4f5ba42a07bab",
                    "versions.yml:md5,24d51016afc8125a2ef4f5ba42a07bab",
                    "versions.yml:md5,24d51016afc8125a2ef4f5ba42a07bab",
                    "versions.yml:md5,38fcec4389d89d9ebbdaa63f369600f6",
                    "versions.yml:md5,38fcec4389d89d9ebbdaa63f369600f6",
                    "versions.yml:md5,38fcec4389d89d9ebbdaa63f369600f6",
                    "versions.yml:md5,38fcec4389d89d9ebbdaa63f369600f6",
                    "versions.yml:md5,69acb554aff0d931eda1843a5aaa0b89",
                    "versions.yml:md5,69acb554aff0d931eda1843a5aaa0b89",
                    "versions.yml:md5,cb16914849e7996a54a7125e36c96576",
                    "versions.yml:md5,cb16914849e7996a54a7125e36c96576",
                    "versions.yml:md5,dce103ef6b2f37c6844db8191418b9e6",
                    "versions.yml:md5,f0fdcc8697bb029a433cc4ba12f3c105",
                    "versions.yml:md5,f0fdcc8697bb029a433cc4ba12f3c105",
                    "versions.yml:md5,f41077fceba2b7405542dfe054f2225a",
                    "versions.yml:md5,f41077fceba2b7405542dfe054f2225a"
                ]
            }
        ],
        "meta": {
            "nf-test": "0.8.4",
            "nextflow": "24.04.2"
        },
        "timestamp": "2024-07-09T12:01:17.865011558"
    },
    "1 sample - no bed, fasta, fai, []": {
        "content": [
            {
                "0": [
                    [
                        {
                            "id": "test",
                            "single_end": false
                        },
                        "test_concat_vcf.vcf.gz_sorted.vcf.gz_norm.vcf.gz:md5,d8a35574801cfec345629770bfae2de7"
                    ]
                ],
                "1": [
                    [
                        {
                            "id": "multisample"
                        },
                        "multisample.bcf_filltags.vcf_norm.vcf.gz:md5,e6dd7f56772c154750e937d9a56baa6d"
                    ]
                ],
                "2": [
                    "versions.yml:md5,0ca81f5e441a48c6c650a07c7045ed34",
                    "versions.yml:md5,24d51016afc8125a2ef4f5ba42a07bab",
                    "versions.yml:md5,24d51016afc8125a2ef4f5ba42a07bab",
                    "versions.yml:md5,38fcec4389d89d9ebbdaa63f369600f6",
                    "versions.yml:md5,69acb554aff0d931eda1843a5aaa0b89",
                    "versions.yml:md5,cb16914849e7996a54a7125e36c96576",
                    "versions.yml:md5,dce103ef6b2f37c6844db8191418b9e6",
                    "versions.yml:md5,f0fdcc8697bb029a433cc4ba12f3c105",
                    "versions.yml:md5,f41077fceba2b7405542dfe054f2225a"
                ],
                "combined_bcf": [
                    [
                        {
                            "id": "multisample"
                        },
                        "multisample.bcf_filltags.vcf_norm.vcf.gz:md5,e6dd7f56772c154750e937d9a56baa6d"
                    ]
                ],
                "snp_calls_vcf": [
                    [
                        {
                            "id": "test",
                            "single_end": false
                        },
                        "test_concat_vcf.vcf.gz_sorted.vcf.gz_norm.vcf.gz:md5,d8a35574801cfec345629770bfae2de7"
                    ]
                ],
                "versions": [
                    "versions.yml:md5,0ca81f5e441a48c6c650a07c7045ed34",
                    "versions.yml:md5,24d51016afc8125a2ef4f5ba42a07bab",
                    "versions.yml:md5,24d51016afc8125a2ef4f5ba42a07bab",
                    "versions.yml:md5,38fcec4389d89d9ebbdaa63f369600f6",
                    "versions.yml:md5,69acb554aff0d931eda1843a5aaa0b89",
                    "versions.yml:md5,cb16914849e7996a54a7125e36c96576",
                    "versions.yml:md5,dce103ef6b2f37c6844db8191418b9e6",
                    "versions.yml:md5,f0fdcc8697bb029a433cc4ba12f3c105",
                    "versions.yml:md5,f41077fceba2b7405542dfe054f2225a"
                ]
            }
        ],
        "meta": {
            "nf-test": "0.8.4",
            "nextflow": "24.04.2"
        },
        "timestamp": "2024-07-09T11:58:11.914343709"
    },
    "1 sample - 1 bed, fasta, fai, []": {
        "content": [
            {
                "0": [
                    [
                        {
                            "id": "test",
                            "single_end": false
                        },
                        "test_concat_vcf.vcf.gz_sorted.vcf.gz_norm.vcf.gz:md5,d8a35574801cfec345629770bfae2de7"
                    ]
                ],
                "1": [
                    [
                        {
                            "id": "multisample"
                        },
                        "multisample.bcf_filltags.vcf_norm.vcf.gz:md5,e6dd7f56772c154750e937d9a56baa6d"
                    ]
                ],
                "2": [
                    "versions.yml:md5,0ca81f5e441a48c6c650a07c7045ed34",
                    "versions.yml:md5,24d51016afc8125a2ef4f5ba42a07bab",
                    "versions.yml:md5,24d51016afc8125a2ef4f5ba42a07bab",
                    "versions.yml:md5,38fcec4389d89d9ebbdaa63f369600f6",
                    "versions.yml:md5,69acb554aff0d931eda1843a5aaa0b89",
                    "versions.yml:md5,cb16914849e7996a54a7125e36c96576",
                    "versions.yml:md5,dce103ef6b2f37c6844db8191418b9e6",
                    "versions.yml:md5,f0fdcc8697bb029a433cc4ba12f3c105",
                    "versions.yml:md5,f41077fceba2b7405542dfe054f2225a"
                ],
                "combined_bcf": [
                    [
                        {
                            "id": "multisample"
                        },
                        "multisample.bcf_filltags.vcf_norm.vcf.gz:md5,e6dd7f56772c154750e937d9a56baa6d"
                    ]
                ],
                "snp_calls_vcf": [
                    [
                        {
                            "id": "test",
                            "single_end": false
                        },
                        "test_concat_vcf.vcf.gz_sorted.vcf.gz_norm.vcf.gz:md5,d8a35574801cfec345629770bfae2de7"
                    ]
                ],
                "versions": [
                    "versions.yml:md5,0ca81f5e441a48c6c650a07c7045ed34",
                    "versions.yml:md5,24d51016afc8125a2ef4f5ba42a07bab",
                    "versions.yml:md5,24d51016afc8125a2ef4f5ba42a07bab",
                    "versions.yml:md5,38fcec4389d89d9ebbdaa63f369600f6",
                    "versions.yml:md5,69acb554aff0d931eda1843a5aaa0b89",
                    "versions.yml:md5,cb16914849e7996a54a7125e36c96576",
                    "versions.yml:md5,dce103ef6b2f37c6844db8191418b9e6",
                    "versions.yml:md5,f0fdcc8697bb029a433cc4ba12f3c105",
                    "versions.yml:md5,f41077fceba2b7405542dfe054f2225a"
                ]
            }
        ],
        "meta": {
            "nf-test": "0.8.4",
            "nextflow": "24.04.2"
        },
        "timestamp": "2024-07-09T11:58:39.573530566"
    },
    "1 sample - 1 bed, fasta, fai, [] - stub": {
        "content": [
            {
                "0": [
                    [
                        {
                            "id": "test",
                            "single_end": false
                        },
                        "test_concat_vcf.vcf.gz_sorted.vcf.gz_norm.vcf.gz:md5,68b329da9893e34099c7d8ad5cb9c940"
                    ]
                ],
                "1": [
                    [
                        {
                            "id": "multisample"
                        },
                        "multisample.bcf_filltags.vcf_norm.vcf.gz:md5,68b329da9893e34099c7d8ad5cb9c940"
                    ]
                ],
                "2": [
                    "versions.yml:md5,0ca81f5e441a48c6c650a07c7045ed34",
                    "versions.yml:md5,24d51016afc8125a2ef4f5ba42a07bab",
                    "versions.yml:md5,24d51016afc8125a2ef4f5ba42a07bab",
                    "versions.yml:md5,38fcec4389d89d9ebbdaa63f369600f6",
                    "versions.yml:md5,69acb554aff0d931eda1843a5aaa0b89",
                    "versions.yml:md5,cb16914849e7996a54a7125e36c96576",
                    "versions.yml:md5,dce103ef6b2f37c6844db8191418b9e6",
                    "versions.yml:md5,f0fdcc8697bb029a433cc4ba12f3c105",
                    "versions.yml:md5,f41077fceba2b7405542dfe054f2225a"
                ],
                "combined_bcf": [
                    [
                        {
                            "id": "multisample"
                        },
                        "multisample.bcf_filltags.vcf_norm.vcf.gz:md5,68b329da9893e34099c7d8ad5cb9c940"
                    ]
                ],
                "snp_calls_vcf": [
                    [
                        {
                            "id": "test",
                            "single_end": false
                        },
                        "test_concat_vcf.vcf.gz_sorted.vcf.gz_norm.vcf.gz:md5,68b329da9893e34099c7d8ad5cb9c940"
                    ]
                ],
                "versions": [
                    "versions.yml:md5,0ca81f5e441a48c6c650a07c7045ed34",
                    "versions.yml:md5,24d51016afc8125a2ef4f5ba42a07bab",
                    "versions.yml:md5,24d51016afc8125a2ef4f5ba42a07bab",
                    "versions.yml:md5,38fcec4389d89d9ebbdaa63f369600f6",
                    "versions.yml:md5,69acb554aff0d931eda1843a5aaa0b89",
                    "versions.yml:md5,cb16914849e7996a54a7125e36c96576",
                    "versions.yml:md5,dce103ef6b2f37c6844db8191418b9e6",
                    "versions.yml:md5,f0fdcc8697bb029a433cc4ba12f3c105",
                    "versions.yml:md5,f41077fceba2b7405542dfe054f2225a"
                ]
            }
        ],
        "meta": {
            "nf-test": "0.8.4",
            "nextflow": "24.04.2"
        },
        "timestamp": "2024-07-09T12:00:33.980507128"
    },
    "1 sample - 1 bed, fasta, fai, bed - stub": {
        "content": [
            {
                "0": [
                    [
                        {
                            "id": "test",
                            "single_end": false
                        },
                        "test_concat_vcf.vcf.gz_sorted.vcf.gz_norm.vcf.gz:md5,68b329da9893e34099c7d8ad5cb9c940"
                    ]
                ],
                "1": [
                    [
                        {
                            "id": "multisample"
                        },
                        "multisample.bcf_filltags.vcf_norm.vcf.gz:md5,68b329da9893e34099c7d8ad5cb9c940"
                    ]
                ],
                "2": [
                    "versions.yml:md5,0ca81f5e441a48c6c650a07c7045ed34",
                    "versions.yml:md5,24d51016afc8125a2ef4f5ba42a07bab",
                    "versions.yml:md5,24d51016afc8125a2ef4f5ba42a07bab",
                    "versions.yml:md5,38fcec4389d89d9ebbdaa63f369600f6",
                    "versions.yml:md5,69acb554aff0d931eda1843a5aaa0b89",
                    "versions.yml:md5,cb16914849e7996a54a7125e36c96576",
                    "versions.yml:md5,dce103ef6b2f37c6844db8191418b9e6",
                    "versions.yml:md5,f0fdcc8697bb029a433cc4ba12f3c105",
                    "versions.yml:md5,f41077fceba2b7405542dfe054f2225a"
                ],
                "combined_bcf": [
                    [
                        {
                            "id": "multisample"
                        },
                        "multisample.bcf_filltags.vcf_norm.vcf.gz:md5,68b329da9893e34099c7d8ad5cb9c940"
                    ]
                ],
                "snp_calls_vcf": [
                    [
                        {
                            "id": "test",
                            "single_end": false
                        },
                        "test_concat_vcf.vcf.gz_sorted.vcf.gz_norm.vcf.gz:md5,68b329da9893e34099c7d8ad5cb9c940"
                    ]
                ],
                "versions": [
                    "versions.yml:md5,0ca81f5e441a48c6c650a07c7045ed34",
                    "versions.yml:md5,24d51016afc8125a2ef4f5ba42a07bab",
                    "versions.yml:md5,24d51016afc8125a2ef4f5ba42a07bab",
                    "versions.yml:md5,38fcec4389d89d9ebbdaa63f369600f6",
                    "versions.yml:md5,69acb554aff0d931eda1843a5aaa0b89",
                    "versions.yml:md5,cb16914849e7996a54a7125e36c96576",
                    "versions.yml:md5,dce103ef6b2f37c6844db8191418b9e6",
                    "versions.yml:md5,f0fdcc8697bb029a433cc4ba12f3c105",
                    "versions.yml:md5,f41077fceba2b7405542dfe054f2225a"
                ]
            }
        ],
        "meta": {
            "nf-test": "0.8.4",
            "nextflow": "24.04.2"
        },
        "timestamp": "2024-07-09T12:00:47.655880789"
    },
    "1 sample - no bed, fasta, fai, [] - stub": {
        "content": [
            {
                "0": [
                    [
                        {
                            "id": "test",
                            "single_end": false
                        },
                        "test_concat_vcf.vcf.gz_sorted.vcf.gz_norm.vcf.gz:md5,68b329da9893e34099c7d8ad5cb9c940"
                    ]
                ],
                "1": [
                    [
                        {
                            "id": "multisample"
                        },
                        "multisample.bcf_filltags.vcf_norm.vcf.gz:md5,68b329da9893e34099c7d8ad5cb9c940"
                    ]
                ],
                "2": [
                    "versions.yml:md5,0ca81f5e441a48c6c650a07c7045ed34",
                    "versions.yml:md5,24d51016afc8125a2ef4f5ba42a07bab",
                    "versions.yml:md5,24d51016afc8125a2ef4f5ba42a07bab",
                    "versions.yml:md5,38fcec4389d89d9ebbdaa63f369600f6",
                    "versions.yml:md5,69acb554aff0d931eda1843a5aaa0b89",
                    "versions.yml:md5,cb16914849e7996a54a7125e36c96576",
                    "versions.yml:md5,dce103ef6b2f37c6844db8191418b9e6",
                    "versions.yml:md5,f0fdcc8697bb029a433cc4ba12f3c105",
                    "versions.yml:md5,f41077fceba2b7405542dfe054f2225a"
                ],
                "combined_bcf": [
                    [
                        {
                            "id": "multisample"
                        },
                        "multisample.bcf_filltags.vcf_norm.vcf.gz:md5,68b329da9893e34099c7d8ad5cb9c940"
                    ]
                ],
                "snp_calls_vcf": [
                    [
                        {
                            "id": "test",
                            "single_end": false
                        },
                        "test_concat_vcf.vcf.gz_sorted.vcf.gz_norm.vcf.gz:md5,68b329da9893e34099c7d8ad5cb9c940"
                    ]
                ],
                "versions": [
                    "versions.yml:md5,0ca81f5e441a48c6c650a07c7045ed34",
                    "versions.yml:md5,24d51016afc8125a2ef4f5ba42a07bab",
                    "versions.yml:md5,24d51016afc8125a2ef4f5ba42a07bab",
                    "versions.yml:md5,38fcec4389d89d9ebbdaa63f369600f6",
                    "versions.yml:md5,69acb554aff0d931eda1843a5aaa0b89",
                    "versions.yml:md5,cb16914849e7996a54a7125e36c96576",
                    "versions.yml:md5,dce103ef6b2f37c6844db8191418b9e6",
                    "versions.yml:md5,f0fdcc8697bb029a433cc4ba12f3c105",
                    "versions.yml:md5,f41077fceba2b7405542dfe054f2225a"
                ]
            }
        ],
        "meta": {
            "nf-test": "0.8.4",
            "nextflow": "24.04.2"
        },
        "timestamp": "2024-07-09T12:00:20.154541832"
    },
    "1 sample - 2 bed, fasta, fai, bed": {
        "content": [
            {
                "0": [
                    [
                        {
                            "id": "test",
                            "single_end": false
                        },
                        "test_concat_vcf.vcf.gz_sorted.vcf.gz_norm.vcf.gz:md5,d8a35574801cfec345629770bfae2de7"
                    ]
                ],
                "1": [
                    [
                        {
                            "id": "multisample"
                        },
                        "multisample.bcf_filltags.vcf_norm.vcf.gz:md5,e6dd7f56772c154750e937d9a56baa6d"
                    ]
                ],
                "2": [
                    "versions.yml:md5,0ca81f5e441a48c6c650a07c7045ed34",
                    "versions.yml:md5,24d51016afc8125a2ef4f5ba42a07bab",
                    "versions.yml:md5,24d51016afc8125a2ef4f5ba42a07bab",
                    "versions.yml:md5,38fcec4389d89d9ebbdaa63f369600f6",
                    "versions.yml:md5,38fcec4389d89d9ebbdaa63f369600f6",
                    "versions.yml:md5,69acb554aff0d931eda1843a5aaa0b89",
                    "versions.yml:md5,cb16914849e7996a54a7125e36c96576",
                    "versions.yml:md5,dce103ef6b2f37c6844db8191418b9e6",
                    "versions.yml:md5,f0fdcc8697bb029a433cc4ba12f3c105",
                    "versions.yml:md5,f41077fceba2b7405542dfe054f2225a"
                ],
                "combined_bcf": [
                    [
                        {
                            "id": "multisample"
                        },
                        "multisample.bcf_filltags.vcf_norm.vcf.gz:md5,e6dd7f56772c154750e937d9a56baa6d"
                    ]
                ],
                "snp_calls_vcf": [
                    [
                        {
                            "id": "test",
                            "single_end": false
                        },
                        "test_concat_vcf.vcf.gz_sorted.vcf.gz_norm.vcf.gz:md5,d8a35574801cfec345629770bfae2de7"
                    ]
                ],
                "versions": [
                    "versions.yml:md5,0ca81f5e441a48c6c650a07c7045ed34",
                    "versions.yml:md5,24d51016afc8125a2ef4f5ba42a07bab",
                    "versions.yml:md5,24d51016afc8125a2ef4f5ba42a07bab",
                    "versions.yml:md5,38fcec4389d89d9ebbdaa63f369600f6",
                    "versions.yml:md5,38fcec4389d89d9ebbdaa63f369600f6",
                    "versions.yml:md5,69acb554aff0d931eda1843a5aaa0b89",
                    "versions.yml:md5,cb16914849e7996a54a7125e36c96576",
                    "versions.yml:md5,dce103ef6b2f37c6844db8191418b9e6",
                    "versions.yml:md5,f0fdcc8697bb029a433cc4ba12f3c105",
                    "versions.yml:md5,f41077fceba2b7405542dfe054f2225a"
                ]
            }
        ],
        "meta": {
            "nf-test": "0.8.4",
            "nextflow": "24.04.2"
        },
        "timestamp": "2024-07-09T11:59:35.482195945"
    },
    "1 sample - 2 bed, fasta, fai, bed - stub": {
        "content": [
            {
                "0": [
                    [
                        {
                            "id": "test",
                            "single_end": false
                        },
                        "test_concat_vcf.vcf.gz_sorted.vcf.gz_norm.vcf.gz:md5,68b329da9893e34099c7d8ad5cb9c940"
                    ]
                ],
                "1": [
                    [
                        {
                            "id": "multisample"
                        },
                        "multisample.bcf_filltags.vcf_norm.vcf.gz:md5,68b329da9893e34099c7d8ad5cb9c940"
                    ]
                ],
                "2": [
                    "versions.yml:md5,0ca81f5e441a48c6c650a07c7045ed34",
                    "versions.yml:md5,24d51016afc8125a2ef4f5ba42a07bab",
                    "versions.yml:md5,24d51016afc8125a2ef4f5ba42a07bab",
                    "versions.yml:md5,38fcec4389d89d9ebbdaa63f369600f6",
                    "versions.yml:md5,38fcec4389d89d9ebbdaa63f369600f6",
                    "versions.yml:md5,69acb554aff0d931eda1843a5aaa0b89",
                    "versions.yml:md5,cb16914849e7996a54a7125e36c96576",
                    "versions.yml:md5,dce103ef6b2f37c6844db8191418b9e6",
                    "versions.yml:md5,f0fdcc8697bb029a433cc4ba12f3c105",
                    "versions.yml:md5,f41077fceba2b7405542dfe054f2225a"
                ],
                "combined_bcf": [
                    [
                        {
                            "id": "multisample"
                        },
                        "multisample.bcf_filltags.vcf_norm.vcf.gz:md5,68b329da9893e34099c7d8ad5cb9c940"
                    ]
                ],
                "snp_calls_vcf": [
                    [
                        {
                            "id": "test",
                            "single_end": false
                        },
                        "test_concat_vcf.vcf.gz_sorted.vcf.gz_norm.vcf.gz:md5,68b329da9893e34099c7d8ad5cb9c940"
                    ]
                ],
                "versions": [
                    "versions.yml:md5,0ca81f5e441a48c6c650a07c7045ed34",
                    "versions.yml:md5,24d51016afc8125a2ef4f5ba42a07bab",
                    "versions.yml:md5,24d51016afc8125a2ef4f5ba42a07bab",
                    "versions.yml:md5,38fcec4389d89d9ebbdaa63f369600f6",
                    "versions.yml:md5,38fcec4389d89d9ebbdaa63f369600f6",
                    "versions.yml:md5,69acb554aff0d931eda1843a5aaa0b89",
                    "versions.yml:md5,cb16914849e7996a54a7125e36c96576",
                    "versions.yml:md5,dce103ef6b2f37c6844db8191418b9e6",
                    "versions.yml:md5,f0fdcc8697bb029a433cc4ba12f3c105",
                    "versions.yml:md5,f41077fceba2b7405542dfe054f2225a"
                ]
            }
        ],
        "meta": {
            "nf-test": "0.8.4",
            "nextflow": "24.04.2"
        },
        "timestamp": "2024-07-09T12:01:02.557411667"
    }
}