{
    "bcf, db, vep_cache, '110', -stub": {
        "content": [
            [
                "versions.yml:md5,1c67249781a135b3abbc3c7e63af4d0b",
                "versions.yml:md5,503122d4650f6a8a39b4e810063d6c22",
                "versions.yml:md5,c0e55e36a31ed71acf25702b7d059533",
                "versions.yml:md5,f533675b4401f25d7dcfc9f63abeb619"
            ],
            [
                [
                    {
                        "id": "test_data.bed",
                        "project": null,
                        "contains_affected": false
                    },
                    "test_data.bed.vcf.gz.tbi:md5,d41d8cd98f00b204e9800998ecf8427e"
                ]
            ],
            [
                [
                    {
                        "id": "test_data.bed",
                        "project": null,
                        "contains_affected": false
                    },
                    "test_data.bed.vcf.gz:md5,68b329da9893e34099c7d8ad5cb9c940"
                ]
            ]
        ],
        "meta": {
            "nf-test": "0.9.0",
            "nextflow": "24.04.4"
        },
        "timestamp": "2024-10-07T14:29:17.858999735"
    },
    "bcf, db, vep_cache, '110'": {
        "content": [
            [
                "versions.yml:md5,1c67249781a135b3abbc3c7e63af4d0b",
                "versions.yml:md5,503122d4650f6a8a39b4e810063d6c22",
                "versions.yml:md5,c0e55e36a31ed71acf25702b7d059533",
                "versions.yml:md5,f533675b4401f25d7dcfc9f63abeb619"
            ],
            "test_data.bed.vcf.gz.tbi",
            "ad2f3def07bee1f4bab9cfe456dada3e",
            "VcfFile [chromosomes=[chrX, chr16], sampleCount=1, variantCount=121, phased=false, phasedAutodetect=false]"
        ],
        "meta": {
            "nf-test": "0.9.0",
            "nextflow": "24.04.4"
        },
        "timestamp": "2024-10-08T11:44:29.495925133"
    }
}
