{
    "create_samples_haplotypes_file": {
        "content": [
            {
                "0": [
                    [
                        {
                            "id": "test"
                        },
                        "samples_file.txt:md5,0c38c6a80221e7b24150e38de89f0e14"
                    ]
                ],
                "1": [
                    "versions.yml:md5,6dc2df11aeedff4dafd2c4f2d646080e"
                ],
                "samples": [
                    [
                        {
                            "id": "test"
                        },
                        "samples_file.txt:md5,0c38c6a80221e7b24150e38de89f0e14"
                    ]
                ],
                "versions": [
                    "versions.yml:md5,6dc2df11aeedff4dafd2c4f2d646080e"
                ]
            }
        ],
        "meta": {
            "nf-test": "0.9.2",
            "nextflow": "24.10.6"
        },
        "timestamp": "2025-07-04T10:41:07.977475767"
    },
    "create_samples_haplotypes_file -stub": {
        "content": [
            {
                "0": [
                    [
                        {
                            "id": "test"
                        },
                        "samples_file.txt:md5,d41d8cd98f00b204e9800998ecf8427e"
                    ]
                ],
                "1": [
                    "versions.yml:md5,6dc2df11aeedff4dafd2c4f2d646080e"
                ],
                "samples": [
                    [
                        {
                            "id": "test"
                        },
                        "samples_file.txt:md5,d41d8cd98f00b204e9800998ecf8427e"
                    ]
                ],
                "versions": [
                    "versions.yml:md5,6dc2df11aeedff4dafd2c4f2d646080e"
                ]
            }
        ],
        "meta": {
            "nf-test": "0.9.2",
            "nextflow": "24.10.6"
        },
        "timestamp": "2025-07-04T10:41:13.114623353"
    }
}