{
    "DeepVariant VCF, Normalized VCF and index": {
        "content": [
            {
                "0": [
                    [
                        {
                            "id": "test"
                        },
                        "test.visual_report.html:md5,8821e36a7d1b30efe65751dbacb28170"
                    ]
                ],
                "1": [
                    [
                        {
                            "id": "test"
                        },
                        "test.bcftools_stats.txt:md5,a84bf91b4f074e3c07f23bd285dcc12b"
                    ]
                ],
                "2": [
                    "versions.yml:md5,55c62b669824d245bb9d6b9ff8a139ab",
                    "versions.yml:md5,e81049e4d6445b1aa9bb4c5759c4f72c"
                ],
                "stats": [
                    [
                        {
                            "id": "test"
                        },
                        "test.bcftools_stats.txt:md5,a84bf91b4f074e3c07f23bd285dcc12b"
                    ]
                ],
                "vcfstatsreport": [
                    [
                        {
                            "id": "test"
                        },
                        "test.visual_report.html:md5,8821e36a7d1b30efe65751dbacb28170"
                    ]
                ],
                "versions": [
                    "versions.yml:md5,55c62b669824d245bb9d6b9ff8a139ab",
                    "versions.yml:md5,e81049e4d6445b1aa9bb4c5759c4f72c"
                ]
            }
        ],
        "meta": {
            "nf-test": "0.9.2",
            "nextflow": "25.04.6"
        },
        "timestamp": "2025-10-22T11:09:45.43211778"
    },
    "DeepVariant VCF, Normalized VCF and index -stub": {
        "content": [
            {
                "0": [
                    [
                        {
                            "id": "test"
                        },
                        "test.visual_report.html:md5,d41d8cd98f00b204e9800998ecf8427e"
                    ]
                ],
                "1": [
                    [
                        {
                            "id": "test"
                        },
                        "test.bcftools_stats.txt:md5,d41d8cd98f00b204e9800998ecf8427e"
                    ]
                ],
                "2": [
                    "versions.yml:md5,55c62b669824d245bb9d6b9ff8a139ab",
                    "versions.yml:md5,e81049e4d6445b1aa9bb4c5759c4f72c"
                ],
                "stats": [
                    [
                        {
                            "id": "test"
                        },
                        "test.bcftools_stats.txt:md5,d41d8cd98f00b204e9800998ecf8427e"
                    ]
                ],
                "vcfstatsreport": [
                    [
                        {
                            "id": "test"
                        },
                        "test.visual_report.html:md5,d41d8cd98f00b204e9800998ecf8427e"
                    ]
                ],
                "versions": [
                    "versions.yml:md5,55c62b669824d245bb9d6b9ff8a139ab",
                    "versions.yml:md5,e81049e4d6445b1aa9bb4c5759c4f72c"
                ]
            }
        ],
        "meta": {
            "nf-test": "0.9.2",
            "nextflow": "25.04.6"
        },
        "timestamp": "2025-10-22T11:09:52.29171863"
    }
}