{
    "bcf, db, vep_cache, '110', -stub with CADD": {
        "content": [
            [
                "versions.yml:md5,6bdd1355c6de060367f50ffb5680d786",
                "versions.yml:md5,81c3ff9e5e59ed617d4e1f20ffb3f72a",
                "versions.yml:md5,8da1323d9b58551409825bee6d7d78bd"
            ],
            [
                [
                    {
                        "id": "test"
                    },
                    "test.vcf.gz.tbi:md5,d41d8cd98f00b204e9800998ecf8427e"
                ]
            ],
            [
                [
                    {
                        "id": "test"
                    },
                    "test.vcf.gz:md5,68b329da9893e34099c7d8ad5cb9c940"
                ]
            ]
        ],
        "meta": {
            "nf-test": "0.9.2",
            "nextflow": "24.10.6"
        },
        "timestamp": "2025-07-28T11:47:33.617852704"
    },
    "bcf, db, vep_cache, '110'": {
        "content": [
            [
                "versions.yml:md5,6bdd1355c6de060367f50ffb5680d786",
                "versions.yml:md5,81c3ff9e5e59ed617d4e1f20ffb3f72a",
                "versions.yml:md5,8da1323d9b58551409825bee6d7d78bd"
            ],
            "test.vcf.gz.tbi",
            "86a258992d944b13f9ea2308bfefa060",
            "VcfFile [chromosomes=[chrX, chr16, chr17], sampleCount=1, variantCount=109, phased=false, phasedAutodetect=false]"
        ],
        "meta": {
            "nf-test": "0.9.2",
            "nextflow": "24.10.6"
        },
        "timestamp": "2025-07-30T11:18:27.899635439"
    },
    "bcf, db, vep_cache, '110', -stub": {
        "content": [
            [
                "versions.yml:md5,6bdd1355c6de060367f50ffb5680d786",
                "versions.yml:md5,81c3ff9e5e59ed617d4e1f20ffb3f72a",
                "versions.yml:md5,8da1323d9b58551409825bee6d7d78bd"
            ],
            [
                [
                    {
                        "id": "test"
                    },
                    "test.vcf.gz.tbi:md5,d41d8cd98f00b204e9800998ecf8427e"
                ]
            ],
            [
                [
                    {
                        "id": "test"
                    },
                    "test.vcf.gz:md5,68b329da9893e34099c7d8ad5cb9c940"
                ]
            ]
        ],
        "meta": {
            "nf-test": "0.9.2",
            "nextflow": "24.10.6"
        },
        "timestamp": "2025-07-28T17:04:20.889907512"
    },
    "bcf, [], vep_cache, '110' - no echtvar annotation - filter before vep": {
        "content": [
            [
                "versions.yml:md5,81c3ff9e5e59ed617d4e1f20ffb3f72a",
                "versions.yml:md5,8da1323d9b58551409825bee6d7d78bd",
                "versions.yml:md5,fe6d181bee052fa9431323e74c5ae476"
            ],
            "test.vcf.gz.tbi",
            "61bcc566deafdbcc49dc4f1eacfa397a",
            "VcfFile [chromosomes=[chrX, chr16], sampleCount=1, variantCount=11, phased=false, phasedAutodetect=false]"
        ],
        "meta": {
            "nf-test": "0.9.2",
            "nextflow": "24.10.6"
        },
        "timestamp": "2025-07-30T11:23:32.874203087"
    },
    "bcf, db, vep_cache, '110', filter before vep": {
        "content": [
            [
                "versions.yml:md5,6bdd1355c6de060367f50ffb5680d786",
                "versions.yml:md5,81c3ff9e5e59ed617d4e1f20ffb3f72a",
                "versions.yml:md5,8da1323d9b58551409825bee6d7d78bd",
                "versions.yml:md5,fe6d181bee052fa9431323e74c5ae476"
            ],
            "test.vcf.gz.tbi",
            "29e0e8c68b142cd1333013b20cb36a74",
            "VcfFile [chromosomes=[chrX, chr16], sampleCount=1, variantCount=11, phased=false, phasedAutodetect=false]"
        ],
        "meta": {
            "nf-test": "0.9.2",
            "nextflow": "24.10.6"
        },
        "timestamp": "2025-07-30T11:20:46.84126129"
    },
    "bcf, [], vep_cache, '110' - no echtvar annotation": {
        "content": [
            [
                "versions.yml:md5,81c3ff9e5e59ed617d4e1f20ffb3f72a",
                "versions.yml:md5,8da1323d9b58551409825bee6d7d78bd"
            ],
            "test.vcf.gz.tbi",
            "59756676e6aa8832a42657407eda339d",
            "VcfFile [chromosomes=[chrX, chr16, chr17], sampleCount=1, variantCount=109, phased=false, phasedAutodetect=false]"
        ],
        "meta": {
            "nf-test": "0.9.2",
            "nextflow": "24.10.6"
        },
        "timestamp": "2025-07-30T11:21:16.158860453"
    }
}