{
    "severus, fasta, svdb, vep_cache, '110', vep_plugins -stub": {
        "content": [
            [
                "versions.yml:md5,84c59e3a0a183b01a21620b16ee9ca4d",
                "versions.yml:md5,8b626b9e41c9e6de6edc8f94e0e75aed",
                "versions.yml:md5,cb83982d3231b281882f4ddc478d93ae"
            ]
        ],
        "meta": {
            "nf-test": "0.9.0",
            "nextflow": "24.04.4"
        },
        "timestamp": "2024-10-11T10:47:43.954466231"
    },
    "severus, fasta, svdb, vep_cache, '110', vep_plugins": {
        "content": [
            [
                "versions.yml:md5,84c59e3a0a183b01a21620b16ee9ca4d",
                "versions.yml:md5,8b626b9e41c9e6de6edc8f94e0e75aed",
                "versions.yml:md5,cb83982d3231b281882f4ddc478d93ae"
            ],
            "28e9be031273d5e4a94a8654da6e56ed",
            "test_svs_annotated.vcf.gz.tbi"
        ],
        "meta": {
            "nf-test": "0.9.0",
            "nextflow": "24.04.4"
        },
        "timestamp": "2024-10-11T10:47:32.194191605"
    }
}